[   64955ms] [INFO] %cDownload the React DevTools for a better development experience: https://react.dev/link/react-devtools font-weight:bold @ webpack-internal:///(app-pages-browser)/./node_modules/next/dist/compiled/react-dom/cjs/react-dom-client.development.js:25630
[   83470ms] [LOG] [Fast Refresh] rebuilding @ webpack-internal:///(app-pages-browser)/./node_modules/next/dist/client/dev/hot-reloader/app/hot-reloader-app.js:196
[   83712ms] [LOG] [Fast Refresh] done in 244ms @ webpack-internal:///(app-pages-browser)/./node_modules/next/dist/client/dev/report-hmr-latency.js:13
[   84130ms] [WARNING] Detected `scroll-behavior: smooth` on the `<html>` element. In a future version, Next.js will no longer automatically disable smooth scrolling during route transitions. To prepare for this change, add `data-scroll-behavior="smooth"` to your <html> element. Learn more: https://nextjs.org/docs/messages/missing-data-scroll-behavior @ webpack-internal:///(app-pages-browser)/./node_modules/next/dist/shared/lib/utils/warn-once.js:15
[   86450ms] [LOG] [Fast Refresh] rebuilding @ webpack-internal:///(app-pages-browser)/./node_modules/next/dist/client/dev/hot-reloader/app/hot-reloader-app.js:196
[   87443ms] [LOG] [Fast Refresh] done in 993ms @ webpack-internal:///(app-pages-browser)/./node_modules/next/dist/client/dev/report-hmr-latency.js:13
[   87856ms] [WARNING] Skipping auto-scroll behavior due to `position: sticky` or `position: fixed` on element: JSHandle@node @ webpack-internal:///(app-pages-browser)/./node_modules/next/dist/client/components/layout-router.js:99
[   87858ms] [WARNING] Skipping auto-scroll behavior due to `position: sticky` or `position: fixed` on element: JSHandle@node @ webpack-internal:///(app-pages-browser)/./node_modules/next/dist/client/components/layout-router.js:99
[   87858ms] [WARNING] Skipping auto-scroll behavior due to `position: sticky` or `position: fixed` on element: JSHandle@node @ webpack-internal:///(app-pages-browser)/./node_modules/next/dist/client/components/layout-router.js:99
[   87859ms] [WARNING] Skipping auto-scroll behavior due to `position: sticky` or `position: fixed` on element: JSHandle@node @ webpack-internal:///(app-pages-browser)/./node_modules/next/dist/client/components/layout-router.js:99
[   87963ms] [LOG] [Fast Refresh] rebuilding @ webpack-internal:///(app-pages-browser)/./node_modules/next/dist/client/dev/hot-reloader/app/hot-reloader-app.js:196
[   88220ms] [LOG] [Fast Refresh] done in 256ms @ webpack-internal:///(app-pages-browser)/./node_modules/next/dist/client/dev/report-hmr-latency.js:13
[  214700ms] [LOG] [Fast Refresh] rebuilding @ webpack-internal:///(app-pages-browser)/./node_modules/next/dist/client/dev/hot-reloader/app/hot-reloader-app.js:196
[  216311ms] [LOG] [Fast Refresh] done in 1610ms @ webpack-internal:///(app-pages-browser)/./node_modules/next/dist/client/dev/report-hmr-latency.js:13
[  732732ms] [LOG] [Fast Refresh] rebuilding @ webpack-internal:///(app-pages-browser)/./node_modules/next/dist/client/dev/hot-reloader/app/hot-reloader-app.js:196
[  733714ms] [LOG] [Fast Refresh] done in 982ms @ webpack-internal:///(app-pages-browser)/./node_modules/next/dist/client/dev/report-hmr-latency.js:13
[  908360ms] [ERROR] Failed to load resource: the server responded with a status of 503 () @ https://streetviewpixels-pa.googleapis.com/v1/tile?cb_client=apiv3&panoid=t963vZDzAAv0qW1VE84V1Q&output=tile&x=12&y=5&zoom=4&nbt=1&fover=2:0
[ 1079578ms] [LOG] [Fast Refresh] rebuilding @ webpack-internal:///(app-pages-browser)/./node_modules/next/dist/client/dev/hot-reloader/app/hot-reloader-app.js:196
[ 1079938ms] [LOG] [Fast Refresh] done in 360ms @ webpack-internal:///(app-pages-browser)/./node_modules/next/dist/client/dev/report-hmr-latency.js:13
[ 1083236ms] [LOG] [Fast Refresh] rebuilding @ webpack-internal:///(app-pages-browser)/./node_modules/next/dist/client/dev/hot-reloader/app/hot-reloader-app.js:196
[ 1083380ms] [LOG] [Fast Refresh] done in 145ms @ webpack-internal:///(app-pages-browser)/./node_modules/next/dist/client/dev/report-hmr-latency.js:13
[ 1092126ms] [LOG] [Fast Refresh] rebuilding @ webpack-internal:///(app-pages-browser)/./node_modules/next/dist/client/dev/hot-reloader/app/hot-reloader-app.js:196
[ 1092318ms] [LOG] [Fast Refresh] done in 192ms @ webpack-internal:///(app-pages-browser)/./node_modules/next/dist/client/dev/report-hmr-latency.js:13
[ 1092437ms] [LOG] [Fast Refresh] rebuilding @ webpack-internal:///(app-pages-browser)/./node_modules/next/dist/client/dev/hot-reloader/app/hot-reloader-app.js:196
[ 1092847ms] [LOG] [Fast Refresh] done in 410ms @ webpack-internal:///(app-pages-browser)/./node_modules/next/dist/client/dev/report-hmr-latency.js:13
[ 1100999ms] [LOG] [Fast Refresh] rebuilding @ webpack-internal:///(app-pages-browser)/./node_modules/next/dist/client/dev/hot-reloader/app/hot-reloader-app.js:196
[ 1101139ms] [LOG] [Fast Refresh] done in 140ms @ webpack-internal:///(app-pages-browser)/./node_modules/next/dist/client/dev/report-hmr-latency.js:13
[ 1101567ms] [ERROR] %c%s%c background: #e6e6e6;background: light-dark(rgba(0,0,0,0.1), rgba(255,255,255,0.25));color: #000000;color: light-dark(#000000, #ffffff);border-radius: 2px  Server   Error: MISSING_MESSAGE: Could not resolve `footer` in messages for locale `en`.
    at Footer (about://React/Server/webpack-internal:///(rsc)/./components/layout/Footer.tsx?75:14:21)
    at resolveErrorDev (webpack-internal:///(app-pages-browser)/./node_modules/next/dist/compiled/react-server-dom-webpack/cjs/react-server-dom-webpack-client.browser.development.js:2396:46)
    at getOutlinedModel (webpack-internal:///(app-pages-browser)/./node_modules/next/dist/compiled/react-server-dom-webpack/cjs/react-server-dom-webpack-client.browser.development.js:1747:22)
    at parseModelString (webpack-internal:///(app-pages-browser)/./node_modules/next/dist/compiled/react-server-dom-webpack/cjs/react-server-dom-webpack-client.browser.development.js:1949:15)
    at Object.eval (webpack-internal:///(app-pages-browser)/./node_modules/next/dist/compiled/react-server-dom-webpack/cjs/react-server-dom-webpack-client.browser.development.js:3056:20)
    at JSON.parse (<anonymous>)
    at initializeModelChunk (webpack-internal:///(app-pages-browser)/./node_modules/next/dist/compiled/react-server-dom-webpack/cjs/react-server-dom-webpack-client.browser.development.js:1273:26)
    at getOutlinedModel (webpack-internal:///(app-pages-browser)/./node_modules/next/dist/compiled/react-server-dom-webpack/cjs/react-server-dom-webpack-client.browser.development.js:1682:11)
    at parseModelString (webpack-internal:///(app-pages-browser)/./node_modules/next/dist/compiled/react-server-dom-webpack/cjs/react-server-dom-webpack-client.browser.development.js:2043:15)
    at Array.eval (webpack-internal:///(app-pages-browser)/./node_modules/next/dist/compiled/react-server-dom-webpack/cjs/react-server-dom-webpack-client.browser.development.js:3056:20)
    at JSON.parse (<anonymous>)
    at initializeModelChunk (webpack-internal:///(app-pages-browser)/./node_modules/next/dist/compiled/react-server-dom-webpack/cjs/react-server-dom-webpack-client.browser.development.js:1273:26)
    at resolveConsoleEntry (webpack-internal:///(app-pages-browser)/./node_modules/next/dist/compiled/react-server-dom-webpack/cjs/react-server-dom-webpack-client.browser.development.js:2683:13)
    at processFullStringRow (webpack-internal:///(app-pages-browser)/./node_modules/next/dist/compiled/react-server-dom-webpack/cjs/react-server-dom-webpack-client.browser.development.js:2923:11)
    at processFullBinaryRow (webpack-internal:///(app-pages-browser)/./node_modules/next/dist/compiled/react-server-dom-webpack/cjs/react-server-dom-webpack-client.browser.development.js:2825:7)
    at processBinaryChunk (webpack-internal:///(app-pages-browser)/./node_modules/next/dist/compiled/react-server-dom-webpack/cjs/react-server-dom-webpack-client.browser.development.js:3028:15)
    at progress (webpack-internal:///(app-pages-browser)/./node_modules/next/dist/compiled/react-server-dom-webpack/cjs/react-server-dom-webpack-client.browser.development.js:3294:13) @ webpack-internal:///(app-pages-browser)/./node_modules/next/dist/next-devtools/userspace/app/errors/intercept-console-error.js:56
[ 1106927ms] [ERROR] %c%s%c background: #e6e6e6;background: light-dark(rgba(0,0,0,0.1), rgba(255,255,255,0.25));color: #000000;color: light-dark(#000000, #ffffff);border-radius: 2px  Server   Error: MISSING_MESSAGE: Could not resolve `footer` in messages for locale `en`.
    at Footer (about://React/Server/webpack-internal:///(rsc)/./components/layout/Footer.tsx?75:14:21)
    at resolveErrorDev (webpack-internal:///(app-pages-browser)/./node_modules/next/dist/compiled/react-server-dom-webpack/cjs/react-server-dom-webpack-client.browser.development.js:2396:46)
    at getOutlinedModel (webpack-internal:///(app-pages-browser)/./node_modules/next/dist/compiled/react-server-dom-webpack/cjs/react-server-dom-webpack-client.browser.development.js:1747:22)
    at parseModelString (webpack-internal:///(app-pages-browser)/./node_modules/next/dist/compiled/react-server-dom-webpack/cjs/react-server-dom-webpack-client.browser.development.js:1949:15)
    at Object.eval (webpack-internal:///(app-pages-browser)/./node_modules/next/dist/compiled/react-server-dom-webpack/cjs/react-server-dom-webpack-client.browser.development.js:3056:20)
    at JSON.parse (<anonymous>)
    at initializeModelChunk (webpack-internal:///(app-pages-browser)/./node_modules/next/dist/compiled/react-server-dom-webpack/cjs/react-server-dom-webpack-client.browser.development.js:1273:26)
    at getOutlinedModel (webpack-internal:///(app-pages-browser)/./node_modules/next/dist/compiled/react-server-dom-webpack/cjs/react-server-dom-webpack-client.browser.development.js:1682:11)
    at parseModelString (webpack-internal:///(app-pages-browser)/./node_modules/next/dist/compiled/react-server-dom-webpack/cjs/react-server-dom-webpack-client.browser.development.js:2043:15)
    at Array.eval (webpack-internal:///(app-pages-browser)/./node_modules/next/dist/compiled/react-server-dom-webpack/cjs/react-server-dom-webpack-client.browser.development.js:3056:20)
    at JSON.parse (<anonymous>)
    at initializeModelChunk (webpack-internal:///(app-pages-browser)/./node_modules/next/dist/compiled/react-server-dom-webpack/cjs/react-server-dom-webpack-client.browser.development.js:1273:26)
    at resolveConsoleEntry (webpack-internal:///(app-pages-browser)/./node_modules/next/dist/compiled/react-server-dom-webpack/cjs/react-server-dom-webpack-client.browser.development.js:2683:13)
    at processFullStringRow (webpack-internal:///(app-pages-browser)/./node_modules/next/dist/compiled/react-server-dom-webpack/cjs/react-server-dom-webpack-client.browser.development.js:2923:11)
    at processFullBinaryRow (webpack-internal:///(app-pages-browser)/./node_modules/next/dist/compiled/react-server-dom-webpack/cjs/react-server-dom-webpack-client.browser.development.js:2825:7)
    at processBinaryChunk (webpack-internal:///(app-pages-browser)/./node_modules/next/dist/compiled/react-server-dom-webpack/cjs/react-server-dom-webpack-client.browser.development.js:3028:15)
    at progress (webpack-internal:///(app-pages-browser)/./node_modules/next/dist/compiled/react-server-dom-webpack/cjs/react-server-dom-webpack-client.browser.development.js:3294:13) @ webpack-internal:///(app-pages-browser)/./node_modules/next/dist/next-devtools/userspace/app/errors/intercept-console-error.js:56
[ 1116004ms] [LOG] [Fast Refresh] rebuilding @ webpack-internal:///(app-pages-browser)/./node_modules/next/dist/client/dev/hot-reloader/app/hot-reloader-app.js:196
[ 1116530ms] [LOG] [Fast Refresh] done in 526ms @ webpack-internal:///(app-pages-browser)/./node_modules/next/dist/client/dev/report-hmr-latency.js:13
[ 1205224ms] [INFO] %cDownload the React DevTools for a better development experience: https://react.dev/link/react-devtools font-weight:bold @ webpack-internal:///(app-pages-browser)/./node_modules/next/dist/compiled/react-dom/cjs/react-dom-client.development.js:25630
[ 1206840ms] [WARNING] Skipping auto-scroll behavior due to `position: sticky` or `position: fixed` on element: JSHandle@node @ webpack-internal:///(app-pages-browser)/./node_modules/next/dist/client/components/layout-router.js:99
[ 1206841ms] [WARNING] Skipping auto-scroll behavior due to `position: sticky` or `position: fixed` on element: JSHandle@node @ webpack-internal:///(app-pages-browser)/./node_modules/next/dist/client/components/layout-router.js:99
[ 1206841ms] [WARNING] Skipping auto-scroll behavior due to `position: sticky` or `position: fixed` on element: JSHandle@node @ webpack-internal:///(app-pages-browser)/./node_modules/next/dist/client/components/layout-router.js:99
[ 1206841ms] [WARNING] Skipping auto-scroll behavior due to `position: sticky` or `position: fixed` on element: JSHandle@node @ webpack-internal:///(app-pages-browser)/./node_modules/next/dist/client/components/layout-router.js:99
[ 1206842ms] [WARNING] Detected `scroll-behavior: smooth` on the `<html>` element. In a future version, Next.js will no longer automatically disable smooth scrolling during route transitions. To prepare for this change, add `data-scroll-behavior="smooth"` to your <html> element. Learn more: https://nextjs.org/docs/messages/missing-data-scroll-behavior @ webpack-internal:///(app-pages-browser)/./node_modules/next/dist/shared/lib/utils/warn-once.js:15
[ 1207085ms] Uncaught (in promise) TypeError: Cannot read properties of null (reading 'style')
    at _.hqa (https://maps.googleapis.com/maps-api-v3/api/js/64/14a/common.js:211:374)
    at a5a (https://maps.googleapis.com/maps-api-v3/api/js/64/14a/streetview.js:35:84)
    at j5a (https://maps.googleapis.com/maps-api-v3/api/js/64/14a/streetview.js:28:281)
    at <anonymous> (https://maps.googleapis.com/maps-api-v3/api/js/64/14a/main.js:487:64)
[ 1231014ms] [LOG] [Fast Refresh] rebuilding @ webpack-internal:///(app-pages-browser)/./node_modules/next/dist/client/dev/hot-reloader/app/hot-reloader-app.js:196
[ 1231187ms] [LOG] [Fast Refresh] done in 173ms @ webpack-internal:///(app-pages-browser)/./node_modules/next/dist/client/dev/report-hmr-latency.js:13
[ 1231468ms] [ERROR] Failed to load resource: the server responded with a status of 404 (Not Found) @ http://localhost:3001/come-funziona?_rsc=9u59M6MRiS2BnfQC:0
[ 1231625ms] [ERROR] Failed to load resource: the server responded with a status of 404 (Not Found) @ http://localhost:3001/come-funziona:0
[ 1231895ms] [INFO] %cDownload the React DevTools for a better development experience: https://react.dev/link/react-devtools font-weight:bold @ webpack-internal:///(app-pages-browser)/./node_modules/next/dist/compiled/react-dom/cjs/react-dom-client.development.js:25630
[ 1233320ms] [INFO] %cDownload the React DevTools for a better development experience: https://react.dev/link/react-devtools font-weight:bold @ webpack-internal:///(app-pages-browser)/./node_modules/next/dist/compiled/react-dom/cjs/react-dom-client.development.js:25630
[ 1236088ms] [WARNING] Detected `scroll-behavior: smooth` on the `<html>` element. In a future version, Next.js will no longer automatically disable smooth scrolling during route transitions. To prepare for this change, add `data-scroll-behavior="smooth"` to your <html> element. Learn more: https://nextjs.org/docs/messages/missing-data-scroll-behavior @ webpack-internal:///(app-pages-browser)/./node_modules/next/dist/shared/lib/utils/warn-once.js:15
[ 1415088ms] [LOG] [Fast Refresh] rebuilding @ webpack-internal:///(app-pages-browser)/./node_modules/next/dist/client/dev/hot-reloader/app/hot-reloader-app.js:196
[ 1415764ms] [LOG] [Fast Refresh] done in 678ms @ webpack-internal:///(app-pages-browser)/./node_modules/next/dist/client/dev/report-hmr-latency.js:13
[ 1421642ms] [LOG] [Fast Refresh] rebuilding @ webpack-internal:///(app-pages-browser)/./node_modules/next/dist/client/dev/hot-reloader/app/hot-reloader-app.js:196
[ 1422201ms] [LOG] [Fast Refresh] done in 558ms @ webpack-internal:///(app-pages-browser)/./node_modules/next/dist/client/dev/report-hmr-latency.js:13
[ 1443492ms] [LOG] [Fast Refresh] rebuilding @ webpack-internal:///(app-pages-browser)/./node_modules/next/dist/client/dev/hot-reloader/app/hot-reloader-app.js:196
[ 1444024ms] [LOG] [Fast Refresh] done in 533ms @ webpack-internal:///(app-pages-browser)/./node_modules/next/dist/client/dev/report-hmr-latency.js:13
[ 1450477ms] [LOG] [Fast Refresh] rebuilding @ webpack-internal:///(app-pages-browser)/./node_modules/next/dist/client/dev/hot-reloader/app/hot-reloader-app.js:196
[ 1450788ms] [LOG] [Fast Refresh] done in 310ms @ webpack-internal:///(app-pages-browser)/./node_modules/next/dist/client/dev/report-hmr-latency.js:13
[ 1538516ms] [WARNING] Skipping auto-scroll behavior due to `position: sticky` or `position: fixed` on element: JSHandle@node @ webpack-internal:///(app-pages-browser)/./node_modules/next/dist/client/components/layout-router.js:99
[ 1538518ms] [WARNING] Skipping auto-scroll behavior due to `position: sticky` or `position: fixed` on element: JSHandle@node @ webpack-internal:///(app-pages-browser)/./node_modules/next/dist/client/components/layout-router.js:99
[ 1538519ms] [WARNING] Skipping auto-scroll behavior due to `position: sticky` or `position: fixed` on element: JSHandle@node @ webpack-internal:///(app-pages-browser)/./node_modules/next/dist/client/components/layout-router.js:99
[ 1538519ms] [WARNING] Skipping auto-scroll behavior due to `position: sticky` or `position: fixed` on element: JSHandle@node @ webpack-internal:///(app-pages-browser)/./node_modules/next/dist/client/components/layout-router.js:99
[ 1952128ms] [LOG] [Fast Refresh] rebuilding @ webpack-internal:///(app-pages-browser)/./node_modules/next/dist/client/dev/hot-reloader/app/hot-reloader-app.js:196
[ 1952822ms] [LOG] [Fast Refresh] done in 695ms @ webpack-internal:///(app-pages-browser)/./node_modules/next/dist/client/dev/report-hmr-latency.js:13
[ 1973325ms] [LOG] [Fast Refresh] rebuilding @ webpack-internal:///(app-pages-browser)/./node_modules/next/dist/client/dev/hot-reloader/app/hot-reloader-app.js:196
[ 1973599ms] [LOG] [Fast Refresh] done in 275ms @ webpack-internal:///(app-pages-browser)/./node_modules/next/dist/client/dev/report-hmr-latency.js:13
[ 2297248ms] [LOG] [Fast Refresh] rebuilding @ webpack-internal:///(app-pages-browser)/./node_modules/next/dist/client/dev/hot-reloader/app/hot-reloader-app.js:196
[ 2297689ms] [LOG] [Fast Refresh] done in 443ms @ webpack-internal:///(app-pages-browser)/./node_modules/next/dist/client/dev/report-hmr-latency.js:13
[ 2379025ms] [INFO] %cDownload the React DevTools for a better development experience: https://react.dev/link/react-devtools font-weight:bold @ webpack-internal:///(app-pages-browser)/./node_modules/next/dist/compiled/react-dom/cjs/react-dom-client.development.js:25630
[ 2398707ms] [ERROR] Failed to load resource: the server responded with a status of 503 () @ https://streetviewpixels-pa.googleapis.com/v1/tile?cb_client=apiv3&panoid=DNkq5kCZHrcsKrSyINKEiw&output=tile&x=0&y=0&zoom=0&nbt=1&fover=2:0
[ 2401267ms] [ERROR] Failed to load resource: the server responded with a status of 503 () @ https://streetviewpixels-pa.googleapis.com/v1/tile?cb_client=apiv3&panoid=IB3DurctZSUOWRB4tFjD1Q&output=tile&x=0&y=0&zoom=0&nbt=1&fover=2:0
[ 2565931ms] [LOG] [Fast Refresh] rebuilding @ webpack-internal:///(app-pages-browser)/./node_modules/next/dist/client/dev/hot-reloader/app/hot-reloader-app.js:196
[ 2566345ms] [LOG] [Fast Refresh] done in 416ms @ webpack-internal:///(app-pages-browser)/./node_modules/next/dist/client/dev/report-hmr-latency.js:13
[ 2574772ms] [LOG] [Fast Refresh] rebuilding @ webpack-internal:///(app-pages-browser)/./node_modules/next/dist/client/dev/hot-reloader/app/hot-reloader-app.js:196
[ 2574958ms] [LOG] [Fast Refresh] done in 186ms @ webpack-internal:///(app-pages-browser)/./node_modules/next/dist/client/dev/report-hmr-latency.js:13
[ 2580110ms] [LOG] [Fast Refresh] rebuilding @ webpack-internal:///(app-pages-browser)/./node_modules/next/dist/client/dev/hot-reloader/app/hot-reloader-app.js:196
[ 2580458ms] [LOG] [Fast Refresh] done in 349ms @ webpack-internal:///(app-pages-browser)/./node_modules/next/dist/client/dev/report-hmr-latency.js:13
[ 2585240ms] [LOG] [Fast Refresh] rebuilding @ webpack-internal:///(app-pages-browser)/./node_modules/next/dist/client/dev/hot-reloader/app/hot-reloader-app.js:196
[ 2585636ms] [LOG] [Fast Refresh] done in 396ms @ webpack-internal:///(app-pages-browser)/./node_modules/next/dist/client/dev/report-hmr-latency.js:13
[ 2590294ms] [LOG] [Fast Refresh] rebuilding @ webpack-internal:///(app-pages-browser)/./node_modules/next/dist/client/dev/hot-reloader/app/hot-reloader-app.js:196
[ 2590436ms] [LOG] [Fast Refresh] done in 143ms @ webpack-internal:///(app-pages-browser)/./node_modules/next/dist/client/dev/report-hmr-latency.js:13
[ 2600449ms] [WARNING] Detected `scroll-behavior: smooth` on the `<html>` element. In a future version, Next.js will no longer automatically disable smooth scrolling during route transitions. To prepare for this change, add `data-scroll-behavior="smooth"` to your <html> element. Learn more: https://nextjs.org/docs/messages/missing-data-scroll-behavior @ webpack-internal:///(app-pages-browser)/./node_modules/next/dist/shared/lib/utils/warn-once.js:15
[ 3689190ms] [LOG] [Fast Refresh] rebuilding @ webpack-internal:///(app-pages-browser)/./node_modules/next/dist/client/dev/hot-reloader/app/hot-reloader-app.js:196
[ 3690237ms] [LOG] [Fast Refresh] done in 1049ms @ webpack-internal:///(app-pages-browser)/./node_modules/next/dist/client/dev/report-hmr-latency.js:13
[ 3698030ms] [LOG] [Fast Refresh] rebuilding @ webpack-internal:///(app-pages-browser)/./node_modules/next/dist/client/dev/hot-reloader/app/hot-reloader-app.js:196
[ 3698231ms] [LOG] [Fast Refresh] done in 201ms @ webpack-internal:///(app-pages-browser)/./node_modules/next/dist/client/dev/report-hmr-latency.js:13
[ 3701574ms] [LOG] [Fast Refresh] rebuilding @ webpack-internal:///(app-pages-browser)/./node_modules/next/dist/client/dev/hot-reloader/app/hot-reloader-app.js:196
[ 3701722ms] [LOG] [Fast Refresh] done in 148ms @ webpack-internal:///(app-pages-browser)/./node_modules/next/dist/client/dev/report-hmr-latency.js:13
[ 3701787ms] [LOG] [Fast Refresh] rebuilding @ webpack-internal:///(app-pages-browser)/./node_modules/next/dist/client/dev/hot-reloader/app/hot-reloader-app.js:196
[ 3701894ms] [LOG] [Fast Refresh] done in 106ms @ webpack-internal:///(app-pages-browser)/./node_modules/next/dist/client/dev/report-hmr-latency.js:13
[ 3704032ms] [LOG] [Fast Refresh] rebuilding @ webpack-internal:///(app-pages-browser)/./node_modules/next/dist/client/dev/hot-reloader/app/hot-reloader-app.js:196
[ 3704114ms] [LOG] [Fast Refresh] done in 82ms @ webpack-internal:///(app-pages-browser)/./node_modules/next/dist/client/dev/report-hmr-latency.js:13
[ 3729427ms] [LOG] [Fast Refresh] rebuilding @ webpack-internal:///(app-pages-browser)/./node_modules/next/dist/client/dev/hot-reloader/app/hot-reloader-app.js:196
[ 3729540ms] [LOG] [Fast Refresh] done in 112ms @ webpack-internal:///(app-pages-browser)/./node_modules/next/dist/client/dev/report-hmr-latency.js:13
[ 3813775ms] [LOG] [Fast Refresh] rebuilding @ webpack-internal:///(app-pages-browser)/./node_modules/next/dist/client/dev/hot-reloader/app/hot-reloader-app.js:196
[ 3814060ms] [LOG] [Fast Refresh] done in 284ms @ webpack-internal:///(app-pages-browser)/./node_modules/next/dist/client/dev/report-hmr-latency.js:13
[ 3818788ms] [LOG] [Fast Refresh] rebuilding @ webpack-internal:///(app-pages-browser)/./node_modules/next/dist/client/dev/hot-reloader/app/hot-reloader-app.js:196
[ 3818879ms] [LOG] [Fast Refresh] done in 91ms @ webpack-internal:///(app-pages-browser)/./node_modules/next/dist/client/dev/report-hmr-latency.js:13
[ 3827757ms] [LOG] [Fast Refresh] rebuilding @ webpack-internal:///(app-pages-browser)/./node_modules/next/dist/client/dev/hot-reloader/app/hot-reloader-app.js:196
[ 3827841ms] [LOG] [Fast Refresh] done in 84ms @ webpack-internal:///(app-pages-browser)/./node_modules/next/dist/client/dev/report-hmr-latency.js:13
[ 3833220ms] [LOG] [Fast Refresh] rebuilding @ webpack-internal:///(app-pages-browser)/./node_modules/next/dist/client/dev/hot-reloader/app/hot-reloader-app.js:196
[ 3833557ms] [LOG] [Fast Refresh] done in 337ms @ webpack-internal:///(app-pages-browser)/./node_modules/next/dist/client/dev/report-hmr-latency.js:13
[ 3837338ms] [LOG] [Fast Refresh] rebuilding @ webpack-internal:///(app-pages-browser)/./node_modules/next/dist/client/dev/hot-reloader/app/hot-reloader-app.js:196
[ 3838604ms] [LOG] [Fast Refresh] done in 1266ms @ webpack-internal:///(app-pages-browser)/./node_modules/next/dist/client/dev/report-hmr-latency.js:13
[ 4679501ms] [WARNING] Skipping auto-scroll behavior due to `position: sticky` or `position: fixed` on element: JSHandle@node @ webpack-internal:///(app-pages-browser)/./node_modules/next/dist/client/components/layout-router.js:99
[ 4679504ms] [WARNING] Skipping auto-scroll behavior due to `position: sticky` or `position: fixed` on element: JSHandle@node @ webpack-internal:///(app-pages-browser)/./node_modules/next/dist/client/components/layout-router.js:99
[ 4679504ms] [WARNING] Skipping auto-scroll behavior due to `position: sticky` or `position: fixed` on element: JSHandle@node @ webpack-internal:///(app-pages-browser)/./node_modules/next/dist/client/components/layout-router.js:99
[ 4679504ms] [WARNING] Skipping auto-scroll behavior due to `position: sticky` or `position: fixed` on element: JSHandle@node @ webpack-internal:///(app-pages-browser)/./node_modules/next/dist/client/components/layout-router.js:99
[ 4679727ms] Uncaught (in promise) TypeError: Cannot read properties of null (reading 'style')
    at _.hqa (https://maps.googleapis.com/maps-api-v3/api/js/64/14a/common.js:211:374)
    at a5a (https://maps.googleapis.com/maps-api-v3/api/js/64/14a/streetview.js:35:84)
    at j5a (https://maps.googleapis.com/maps-api-v3/api/js/64/14a/streetview.js:28:281)
    at <anonymous> (https://maps.googleapis.com/maps-api-v3/api/js/64/14a/main.js:487:64)
[ 5599909ms] [LOG] [Fast Refresh] rebuilding @ webpack-internal:///(app-pages-browser)/./node_modules/next/dist/client/dev/hot-reloader/app/hot-reloader-app.js:196
[ 5600441ms] [ERROR] IntlError: MISSING_MESSAGE: Could not resolve `result.fromLocation` in messages for locale `it`.
    at getFallbackFromErrorAndNotify (webpack-internal:///(app-pages-browser)/./node_modules/use-intl/dist/development/createFormatter-QqAaZwGD.js:159:19)
    at translateBaseFn (webpack-internal:///(app-pages-browser)/./node_modules/use-intl/dist/development/createFormatter-QqAaZwGD.js:184:14)
    at translateFn (webpack-internal:///(app-pages-browser)/./node_modules/use-intl/dist/development/createFormatter-QqAaZwGD.js:258:20)
    at RoundResult (webpack-internal:///(app-pages-browser)/./components/game/RoundResult.tsx:328:47)
    at Object.react_stack_bottom_frame (webpack-internal:///(app-pages-browser)/./node_modules/next/dist/compiled/react-dom/cjs/react-dom-client.development.js:23584:20)
    at renderWithHooks (webpack-internal:///(app-pages-browser)/./node_modules/next/dist/compiled/react-dom/cjs/react-dom-client.development.js:6793:22)
    at updateFunctionComponent (webpack-internal:///(app-pages-browser)/./node_modules/next/dist/compiled/react-dom/cjs/react-dom-client.development.js:9247:19)
    at beginWork (webpack-internal:///(app-pages-browser)/./node_modules/next/dist/compiled/react-dom/cjs/react-dom-client.development.js:10858:18)
    at runWithFiberInDEV (webpack-internal:///(app-pages-browser)/./node_modules/next/dist/compiled/react-dom/cjs/react-dom-client.development.js:872:30)
    at performUnitOfWork (webpack-internal:///(app-pages-browser)/./node_modules/next/dist/compiled/react-dom/cjs/react-dom-client.development.js:15727:22)
    at workLoopSync (webpack-internal:///(app-pages-browser)/./node_modules/next/dist/compiled/react-dom/cjs/react-dom-client.development.js:15547:41)
    at renderRootSync (webpack-internal:///(app-pages-browser)/./node_modules/next/dist/compiled/react-dom/cjs/react-dom-client.development.js:15527:11)
    at performWorkOnRoot (webpack-internal:///(app-pages-browser)/./node_modules/next/dist/compiled/react-dom/cjs/react-dom-client.development.js:14991:13)
    at performSyncWorkOnRoot (webpack-internal:///(app-pages-browser)/./node_modules/next/dist/compiled/react-dom/cjs/react-dom-client.development.js:16831:7)
    at flushSyncWorkAcrossRoots_impl (webpack-internal:///(app-pages-browser)/./node_modules/next/dist/compiled/react-dom/cjs/react-dom-client.development.js:16677:21)
    at flushSyncWork$1 (webpack-internal:///(app-pages-browser)/./node_modules/next/dist/compiled/react-dom/cjs/react-dom-client.development.js:15297:12)
    at Object.scheduleRefresh (webpack-internal:///(app-pages-browser)/./node_modules/next/dist/compiled/react-dom/cjs/react-dom-client.development.js:114:9)
    at eval (webpack-internal:///(app-pages-browser)/./node_modules/next/dist/compiled/react-refresh/cjs/react-refresh-runtime.development.js:265:17)
    at Set.forEach (<anonymous>)
    at Object.performReactRefresh (webpack-internal:///(app-pages-browser)/./node_modules/next/dist/compiled/react-refresh/cjs/react-refresh-runtime.development.js:254:26)
    at applyUpdate (webpack-internal:///(app-pages-browser)/./node_modules/next/dist/compiled/@next/react-refresh-utils/dist/internal/helpers.js:139:31)
    at statusHandler (webpack-internal:///(app-pages-browser)/./node_modules/next/dist/compiled/@next/react-refresh-utils/dist/internal/helpers.js:156:13)
    at setStatus (http://localhost:3001/_next/static/chunks/webpack.js?v=1778853308519:486:55)
    at http://localhost:3001/_next/static/chunks/webpack.js?v=1778853308519:655:21 @ webpack-internal:///(app-pages-browser)/./node_modules/next/dist/next-devtools/userspace/app/errors/intercept-console-error.js:56
[ 5600443ms] [ERROR] IntlError: MISSING_MESSAGE: Could not resolve `result.pressEnter` in messages for locale `it`.
    at getFallbackFromErrorAndNotify (webpack-internal:///(app-pages-browser)/./node_modules/use-intl/dist/development/createFormatter-QqAaZwGD.js:159:19)
    at translateBaseFn (webpack-internal:///(app-pages-browser)/./node_modules/use-intl/dist/development/createFormatter-QqAaZwGD.js:184:14)
    at translateFn (webpack-internal:///(app-pages-browser)/./node_modules/use-intl/dist/development/createFormatter-QqAaZwGD.js:258:20)
    at RoundResult (webpack-internal:///(app-pages-browser)/./components/game/RoundResult.tsx:354:47)
    at Object.react_stack_bottom_frame (webpack-internal:///(app-pages-browser)/./node_modules/next/dist/compiled/react-dom/cjs/react-dom-client.development.js:23584:20)
    at renderWithHooks (webpack-internal:///(app-pages-browser)/./node_modules/next/dist/compiled/react-dom/cjs/react-dom-client.development.js:6793:22)
    at updateFunctionComponent (webpack-internal:///(app-pages-browser)/./node_modules/next/dist/compiled/react-dom/cjs/react-dom-client.development.js:9247:19)
    at beginWork (webpack-internal:///(app-pages-browser)/./node_modules/next/dist/compiled/react-dom/cjs/react-dom-client.development.js:10858:18)
    at runWithFiberInDEV (webpack-internal:///(app-pages-browser)/./node_modules/next/dist/compiled/react-dom/cjs/react-dom-client.development.js:872:30)
    at performUnitOfWork (webpack-internal:///(app-pages-browser)/./node_modules/next/dist/compiled/react-dom/cjs/react-dom-client.development.js:15727:22)
    at workLoopSync (webpack-internal:///(app-pages-browser)/./node_modules/next/dist/compiled/react-dom/cjs/react-dom-client.development.js:15547:41)
    at renderRootSync (webpack-internal:///(app-pages-browser)/./node_modules/next/dist/compiled/react-dom/cjs/react-dom-client.development.js:15527:11)
    at performWorkOnRoot (webpack-internal:///(app-pages-browser)/./node_modules/next/dist/compiled/react-dom/cjs/react-dom-client.development.js:14991:13)
    at performSyncWorkOnRoot (webpack-internal:///(app-pages-browser)/./node_modules/next/dist/compiled/react-dom/cjs/react-dom-client.development.js:16831:7)
    at flushSyncWorkAcrossRoots_impl (webpack-internal:///(app-pages-browser)/./node_modules/next/dist/compiled/react-dom/cjs/react-dom-client.development.js:16677:21)
    at flushSyncWork$1 (webpack-internal:///(app-pages-browser)/./node_modules/next/dist/compiled/react-dom/cjs/react-dom-client.development.js:15297:12)
    at Object.scheduleRefresh (webpack-internal:///(app-pages-browser)/./node_modules/next/dist/compiled/react-dom/cjs/react-dom-client.development.js:114:9)
    at eval (webpack-internal:///(app-pages-browser)/./node_modules/next/dist/compiled/react-refresh/cjs/react-refresh-runtime.development.js:265:17)
    at Set.forEach (<anonymous>)
    at Object.performReactRefresh (webpack-internal:///(app-pages-browser)/./node_modules/next/dist/compiled/react-refresh/cjs/react-refresh-runtime.development.js:254:26)
    at applyUpdate (webpack-internal:///(app-pages-browser)/./node_modules/next/dist/compiled/@next/react-refresh-utils/dist/internal/helpers.js:139:31)
    at statusHandler (webpack-internal:///(app-pages-browser)/./node_modules/next/dist/compiled/@next/react-refresh-utils/dist/internal/helpers.js:156:13)
    at setStatus (http://localhost:3001/_next/static/chunks/webpack.js?v=1778853308519:486:55)
    at http://localhost:3001/_next/static/chunks/webpack.js?v=1778853308519:655:21 @ webpack-internal:///(app-pages-browser)/./node_modules/next/dist/next-devtools/userspace/app/errors/intercept-console-error.js:56
[ 5600444ms] [ERROR] IntlError: MISSING_MESSAGE: Could not resolve `result.outOfPoints` in messages for locale `it`.
    at getFallbackFromErrorAndNotify (webpack-internal:///(app-pages-browser)/./node_modules/use-intl/dist/development/createFormatter-QqAaZwGD.js:159:19)
    at translateBaseFn (webpack-internal:///(app-pages-browser)/./node_modules/use-intl/dist/development/createFormatter-QqAaZwGD.js:184:14)
    at translateFn (webpack-internal:///(app-pages-browser)/./node_modules/use-intl/dist/development/createFormatter-QqAaZwGD.js:258:20)
    at RoundResult (webpack-internal:///(app-pages-browser)/./components/game/RoundResult.tsx:379:47)
    at Object.react_stack_bottom_frame (webpack-internal:///(app-pages-browser)/./node_modules/next/dist/compiled/react-dom/cjs/react-dom-client.development.js:23584:20)
    at renderWithHooks (webpack-internal:///(app-pages-browser)/./node_modules/next/dist/compiled/react-dom/cjs/react-dom-client.development.js:6793:22)
    at updateFunctionComponent (webpack-internal:///(app-pages-browser)/./node_modules/next/dist/compiled/react-dom/cjs/react-dom-client.development.js:9247:19)
    at beginWork (webpack-internal:///(app-pages-browser)/./node_modules/next/dist/compiled/react-dom/cjs/react-dom-client.development.js:10858:18)
    at runWithFiberInDEV (webpack-internal:///(app-pages-browser)/./node_modules/next/dist/compiled/react-dom/cjs/react-dom-client.development.js:872:30)
    at performUnitOfWork (webpack-internal:///(app-pages-browser)/./node_modules/next/dist/compiled/react-dom/cjs/react-dom-client.development.js:15727:22)
    at workLoopSync (webpack-internal:///(app-pages-browser)/./node_modules/next/dist/compiled/react-dom/cjs/react-dom-client.development.js:15547:41)
    at renderRootSync (webpack-internal:///(app-pages-browser)/./node_modules/next/dist/compiled/react-dom/cjs/react-dom-client.development.js:15527:11)
    at performWorkOnRoot (webpack-internal:///(app-pages-browser)/./node_modules/next/dist/compiled/react-dom/cjs/react-dom-client.development.js:14991:13)
    at performSyncWorkOnRoot (webpack-internal:///(app-pages-browser)/./node_modules/next/dist/compiled/react-dom/cjs/react-dom-client.development.js:16831:7)
    at flushSyncWorkAcrossRoots_impl (webpack-internal:///(app-pages-browser)/./node_modules/next/dist/compiled/react-dom/cjs/react-dom-client.development.js:16677:21)
    at flushSyncWork$1 (webpack-internal:///(app-pages-browser)/./node_modules/next/dist/compiled/react-dom/cjs/react-dom-client.development.js:15297:12)
    at Object.scheduleRefresh (webpack-internal:///(app-pages-browser)/./node_modules/next/dist/compiled/react-dom/cjs/react-dom-client.development.js:114:9)
    at eval (webpack-internal:///(app-pages-browser)/./node_modules/next/dist/compiled/react-refresh/cjs/react-refresh-runtime.development.js:265:17)
    at Set.forEach (<anonymous>)
    at Object.performReactRefresh (webpack-internal:///(app-pages-browser)/./node_modules/next/dist/compiled/react-refresh/cjs/react-refresh-runtime.development.js:254:26)
    at applyUpdate (webpack-internal:///(app-pages-browser)/./node_modules/next/dist/compiled/@next/react-refresh-utils/dist/internal/helpers.js:139:31)
    at statusHandler (webpack-internal:///(app-pages-browser)/./node_modules/next/dist/compiled/@next/react-refresh-utils/dist/internal/helpers.js:156:13)
    at setStatus (http://localhost:3001/_next/static/chunks/webpack.js?v=1778853308519:486:55)
    at http://localhost:3001/_next/static/chunks/webpack.js?v=1778853308519:655:21 @ webpack-internal:///(app-pages-browser)/./node_modules/next/dist/next-devtools/userspace/app/errors/intercept-console-error.js:56
[ 5600459ms] [LOG] [Fast Refresh] done in 552ms @ webpack-internal:///(app-pages-browser)/./node_modules/next/dist/client/dev/report-hmr-latency.js:13
[ 5600591ms] [ERROR] The map is initialized without a valid Map ID, which will prevent use of Advanced Markers. @ webpack-internal:///(app-pages-browser)/./node_modules/next/dist/next-devtools/userspace/app/errors/intercept-console-error.js:56
[ 5600591ms] [ERROR] The map is initialized without a valid Map ID, which will prevent use of Advanced Markers. @ webpack-internal:///(app-pages-browser)/./node_modules/next/dist/next-devtools/userspace/app/errors/intercept-console-error.js:56
[ 5940138ms] [WARNING] Skipping auto-scroll behavior due to `position: sticky` or `position: fixed` on element: JSHandle@node @ webpack-internal:///(app-pages-browser)/./node_modules/next/dist/client/components/layout-router.js:99
[ 5940139ms] [WARNING] Skipping auto-scroll behavior due to `position: sticky` or `position: fixed` on element: JSHandle@node @ webpack-internal:///(app-pages-browser)/./node_modules/next/dist/client/components/layout-router.js:99
[ 5940139ms] [WARNING] Skipping auto-scroll behavior due to `position: sticky` or `position: fixed` on element: JSHandle@node @ webpack-internal:///(app-pages-browser)/./node_modules/next/dist/client/components/layout-router.js:99
[ 5940139ms] [WARNING] Skipping auto-scroll behavior due to `position: sticky` or `position: fixed` on element: JSHandle@node @ webpack-internal:///(app-pages-browser)/./node_modules/next/dist/client/components/layout-router.js:99
[ 5940333ms] Uncaught (in promise) TypeError: Cannot read properties of null (reading 'style')
    at _.hqa (https://maps.googleapis.com/maps-api-v3/api/js/64/14a/common.js:211:374)
    at a5a (https://maps.googleapis.com/maps-api-v3/api/js/64/14a/streetview.js:35:84)
    at j5a (https://maps.googleapis.com/maps-api-v3/api/js/64/14a/streetview.js:28:281)
    at <anonymous> (https://maps.googleapis.com/maps-api-v3/api/js/64/14a/main.js:487:64)
[ 5952188ms] [ERROR] The map is initialized without a valid Map ID, which will prevent use of Advanced Markers. @ webpack-internal:///(app-pages-browser)/./node_modules/next/dist/next-devtools/userspace/app/errors/intercept-console-error.js:56
[ 5952188ms] [ERROR] The map is initialized without a valid Map ID, which will prevent use of Advanced Markers. @ webpack-internal:///(app-pages-browser)/./node_modules/next/dist/next-devtools/userspace/app/errors/intercept-console-error.js:56
[ 6024871ms] [LOG] [Fast Refresh] rebuilding @ webpack-internal:///(app-pages-browser)/./node_modules/next/dist/client/dev/hot-reloader/app/hot-reloader-app.js:196
[ 6025582ms] [LOG] [Fast Refresh] done in 711ms @ webpack-internal:///(app-pages-browser)/./node_modules/next/dist/client/dev/report-hmr-latency.js:13
[ 6168984ms] [LOG] [Fast Refresh] rebuilding @ webpack-internal:///(app-pages-browser)/./node_modules/next/dist/client/dev/hot-reloader/app/hot-reloader-app.js:196
[ 6169413ms] [LOG] [Fast Refresh] done in 428ms @ webpack-internal:///(app-pages-browser)/./node_modules/next/dist/client/dev/report-hmr-latency.js:13
[ 6172360ms] [ERROR] Failed to load resource: the server responded with a status of 400 () @ https://ffzdabymnpdrhyfndabq.supabase.co/auth/v1/authorize?provider=google&redirect_to=http%3A%2F%2Flocalhost%3A3001%2Fauth%2Fcallback&code_challenge=YlOEJr4i48THpYEignkx7cTwh9J9PqCxPtoKVILWsso&code_challenge_method=s256:0
[ 6172427ms] [ERROR] Failed to load resource: the server responded with a status of 404 () @ https://ffzdabymnpdrhyfndabq.supabase.co/favicon.ico:0
[ 6187648ms] [INFO] %cDownload the React DevTools for a better development experience: https://react.dev/link/react-devtools font-weight:bold @ webpack-internal:///(app-pages-browser)/./node_modules/next/dist/compiled/react-dom/cjs/react-dom-client.development.js:25630
[ 6428554ms] [ERROR] Failed to load resource: the server responded with a status of 400 () @ https://ffzdabymnpdrhyfndabq.supabase.co/auth/v1/authorize?provider=google&redirect_to=http%3A%2F%2Flocalhost%3A3001%2Fauth%2Fcallback&code_challenge=e9lPa-Vd7pytAJA2f8aMXNx0bjjVqz5IRBCUg7jvaLk&code_challenge_method=s256:0
[ 6430367ms] [INFO] %cDownload the React DevTools for a better development experience: https://react.dev/link/react-devtools font-weight:bold @ webpack-internal:///(app-pages-browser)/./node_modules/next/dist/compiled/react-dom/cjs/react-dom-client.development.js:25630
[ 6431518ms] [INFO] %cDownload the React DevTools for a better development experience: https://react.dev/link/react-devtools font-weight:bold @ webpack-internal:///(app-pages-browser)/./node_modules/next/dist/compiled/react-dom/cjs/react-dom-client.development.js:25630
[ 6436448ms] [WARNING] Detected `scroll-behavior: smooth` on the `<html>` element. In a future version, Next.js will no longer automatically disable smooth scrolling during route transitions. To prepare for this change, add `data-scroll-behavior="smooth"` to your <html> element. Learn more: https://nextjs.org/docs/messages/missing-data-scroll-behavior @ webpack-internal:///(app-pages-browser)/./node_modules/next/dist/shared/lib/utils/warn-once.js:15
[ 6437942ms] [ERROR] Failed to load resource: the server responded with a status of 400 () @ https://ffzdabymnpdrhyfndabq.supabase.co/auth/v1/authorize?provider=google&redirect_to=http%3A%2F%2Flocalhost%3A3001%2Fauth%2Fcallback&code_challenge=pJ63AxSv35IIcD0wjyURkxSAg02tV345cdwt07NDRdA&code_challenge_method=s256:0
[ 9701177ms] [INFO] %cDownload the React DevTools for a better development experience: https://react.dev/link/react-devtools font-weight:bold @ webpack-internal:///(app-pages-browser)/./node_modules/next/dist/compiled/react-dom/cjs/react-dom-client.development.js:25630
[ 9704012ms] [WARNING] Detected `scroll-behavior: smooth` on the `<html>` element. In a future version, Next.js will no longer automatically disable smooth scrolling during route transitions. To prepare for this change, add `data-scroll-behavior="smooth"` to your <html> element. Learn more: https://nextjs.org/docs/messages/missing-data-scroll-behavior @ webpack-internal:///(app-pages-browser)/./node_modules/next/dist/shared/lib/utils/warn-once.js:15
[ 9707738ms] [ERROR] Failed to load resource: the server responded with a status of 400 () @ https://ffzdabymnpdrhyfndabq.supabase.co/auth/v1/authorize?provider=google&redirect_to=http%3A%2F%2Flocalhost%3A3001%2Fauth%2Fcallback&code_challenge=vO-CmgTxNytAqFZGYI9GjdAYMBldCbCeMonZP-3vPV8&code_challenge_method=s256:0
[10677666ms] [INFO] %cDownload the React DevTools for a better development experience: https://react.dev/link/react-devtools font-weight:bold @ webpack-internal:///(app-pages-browser)/./node_modules/next/dist/compiled/react-dom/cjs/react-dom-client.development.js:25630
[10682695ms] [WARNING] Detected `scroll-behavior: smooth` on the `<html>` element. In a future version, Next.js will no longer automatically disable smooth scrolling during route transitions. To prepare for this change, add `data-scroll-behavior="smooth"` to your <html> element. Learn more: https://nextjs.org/docs/messages/missing-data-scroll-behavior @ webpack-internal:///(app-pages-browser)/./node_modules/next/dist/shared/lib/utils/warn-once.js:15
[10723091ms] [ERROR] Failed to load resource: the server responded with a status of 400 () @ https://ffzdabymnpdrhyfndabq.supabase.co/auth/v1/authorize?provider=google&redirect_to=http%3A%2F%2Flocalhost%3A3001%2Fauth%2Fcallback&code_challenge=puxHnS9MzyJdWiYiC4hzmFAw6QqlGXL_A4lXBlgp6eA&code_challenge_method=s256:0
[16561113ms] [VERBOSE] [DOM] Password field is not contained in a form: (More info: https://goo.gl/9p2vKq) %o @ https://accounts.google.com/v3/signin/identifier?opparams=%253Fredirect_to%253Dhttp%25253A%25252F%25252Flocalhost%25253A3001%25252Fauth%25252Fcallback&dsh=S2365043%3A1778867490654367&client_id=1023236111568-oat2egngkvvfhsg5bbi80u1apc1khr34.apps.googleusercontent.com&o2v=2&redirect_uri=https%3A%2F%2Fffzdabymnpdrhyfndabq.supabase.co%2Fauth%2Fv1%2Fcallback&response_type=code&scope=email+profile&service=lso&state=e913ebe3-4a72-493b-b185-057134bd9436&flowName=GeneralOAuthFlow&continue=https%3A%2F%2Faccounts.google.com%2Fsignin%2Foauth%2Fconsent%3Fauthuser%3Dunknown%26part%3DAJi8hAM7y9gWRU_09e40eud-ez3KxAASChAocSj3V0H9TQc5l_ENg03gdy6cxCkxP3TZrH5CcCzOU7I9I7EuVQj9KDCfZz028Jnu7N8dUfgznVZk_8la6NRkcOtjY8iOuhxUcwO96_KtONnPUu2b52zUYIBgcptBV8PMxNorvthYaopvOLW9F-Z3oDAIWK4P-ivWYSqax_uXi-RkruJTAVchWB_T5c3VK520oEVyHohIEVq8LnN3lpR_b5AV8VpuMvlZemjDs-KB5fqUgVAm3gA5VAKcRUOv0Vz1TepqqVMcA1Fsa0jQMMg5w7NaPlRQ_Be3nDl01eWrb0tELxB7E6cM9qr5wkXsbSvMVmNFHdwgEg0DFoyd-4r_y96uW2BhOngSvxMT4NrbqOtFRZvRKUUYAGV6d2zHDjdUZXZ66gwfyEvWPtrUN28bqfKFlMNu-xI3DqBnYGK99fCySjmM8sCPEpeDSLZLUT3vyduy3gGVPGOj4VFJMg8%26flowName%3DGeneralOAuthFlow%26as%3DS2365043%253A1778867490654367%26client_id%3D1023236111568-oat2egngkvvfhsg5bbi80u1apc1khr34.apps.googleusercontent.com%26requestPath%3D%252Fsignin%252Foauth%252Fconsent%23&app_domain=https%3A%2F%2Fffzdabymnpdrhyfndabq.supabase.co&rart=ANgoxcdL6A14SVlBZOZ3vNLfGsp0SdosdS_e6tKt3eic2STcVy9EoWR0ckMXQ1FhLZh26tTGzI6TvEF5QW5fHrX9-37HO0f0feln1kFv04XSK4E1qE7Q1IU:0
[16561159ms] [LOG] %c%s color: red; background: yellow; font-size: 24px; WARNING! @ https://www.gstatic.com/_/mss/boq-identity/_/js/k=boq-identity.AccountsSignInUi.en_US.alsf3k9Xrdw.es5.O/am=iW8AAACE4hwhA8Dz_38DAAggiA74ngVoAoQMAAAAAAAAAABYAAAAjQ/d=1/excm=_b,_tp,identifierview/ed=1/dg=0/wt=2/ujg=1/rs=AOaEmlG0TIxG_WoirLTTlhpkMVFICF0uZQ/dti=1/m=_b,_tp:545
[16561159ms] [LOG] %c%s font-size: 18px; Using this console may allow attackers to impersonate you and steal your information using an attack called Self-XSS.
Do not enter or paste code that you do not understand. @ https://www.gstatic.com/_/mss/boq-identity/_/js/k=boq-identity.AccountsSignInUi.en_US.alsf3k9Xrdw.es5.O/am=iW8AAACE4hwhA8Dz_38DAAggiA74ngVoAoQMAAAAAAAAAABYAAAAjQ/d=1/excm=_b,_tp,identifierview/ed=1/dg=0/wt=2/ujg=1/rs=AOaEmlG0TIxG_WoirLTTlhpkMVFICF0uZQ/dti=1/m=_b,_tp:545
[16624496ms] [WARNING] Blocked aria-hidden on an element because its descendant retained focus. The focus must not be hidden from assistive technology users. Avoid using aria-hidden on a focused element or its ancestor. Consider using the inert attribute instead, which will also prevent focus. For more details, see the aria-hidden section of the WAI-ARIA specification at https://w3c.github.io/aria/#aria-hidden.
Element with focus: <div.VfPpkd-qNpTzb-P1ekSe VfPpkd-qNpTzb-P1ekSe-OWXEXe-A9y3zc VfPpkd-qNpTzb-P1ekSe-OWXEXe-OiiCO-IhfUye>
Ancestor with aria-hidden: <div.wuMMWb> @ https://accounts.google.com/v3/signin/identifier?opparams=%253Fredirect_to%253Dhttp%25253A%25252F%25252Flocalhost%25253A3001%25252Fauth%25252Fcallback&dsh=S2365043%3A1778867490654367&client_id=1023236111568-oat2egngkvvfhsg5bbi80u1apc1khr34.apps.googleusercontent.com&o2v=2&redirect_uri=https%3A%2F%2Fffzdabymnpdrhyfndabq.supabase.co%2Fauth%2Fv1%2Fcallback&response_type=code&scope=email+profile&service=lso&state=e913ebe3-4a72-493b-b185-057134bd9436&flowName=GeneralOAuthFlow&continue=https%3A%2F%2Faccounts.google.com%2Fsignin%2Foauth%2Fconsent%3Fauthuser%3Dunknown%26part%3DAJi8hAM7y9gWRU_09e40eud-ez3KxAASChAocSj3V0H9TQc5l_ENg03gdy6cxCkxP3TZrH5CcCzOU7I9I7EuVQj9KDCfZz028Jnu7N8dUfgznVZk_8la6NRkcOtjY8iOuhxUcwO96_KtONnPUu2b52zUYIBgcptBV8PMxNorvthYaopvOLW9F-Z3oDAIWK4P-ivWYSqax_uXi-RkruJTAVchWB_T5c3VK520oEVyHohIEVq8LnN3lpR_b5AV8VpuMvlZemjDs-KB5fqUgVAm3gA5VAKcRUOv0Vz1TepqqVMcA1Fsa0jQMMg5w7NaPlRQ_Be3nDl01eWrb0tELxB7E6cM9qr5wkXsbSvMVmNFHdwgEg0DFoyd-4r_y96uW2BhOngSvxMT4NrbqOtFRZvRKUUYAGV6d2zHDjdUZXZ66gwfyEvWPtrUN28bqfKFlMNu-xI3DqBnYGK99fCySjmM8sCPEpeDSLZLUT3vyduy3gGVPGOj4VFJMg8%26flowName%3DGeneralOAuthFlow%26as%3DS2365043%253A1778867490654367%26client_id%3D1023236111568-oat2egngkvvfhsg5bbi80u1apc1khr34.apps.googleusercontent.com%26requestPath%3D%252Fsignin%252Foauth%252Fconsent%23&app_domain=https%3A%2F%2Fffzdabymnpdrhyfndabq.supabase.co&rart=ANgoxcdL6A14SVlBZOZ3vNLfGsp0SdosdS_e6tKt3eic2STcVy9EoWR0ckMXQ1FhLZh26tTGzI6TvEF5QW5fHrX9-37HO0f0feln1kFv04XSK4E1qE7Q1IU:0
[16625661ms] [VERBOSE] [DOM] Password field is not contained in a form: (More info: https://goo.gl/9p2vKq) %o @ https://accounts.google.com/v3/signin/challenge/pwd?TL=APouJz5SD3mHisWWdD-uv_cdIRBWGUXWMAvzk0NwomnGXz44P6ftdE-qbeHYaoi9&app_domain=https%3A%2F%2Fffzdabymnpdrhyfndabq.supabase.co&checkConnection=youtube%3A265&checkedDomains=youtube&cid=3&client_id=1023236111568-oat2egngkvvfhsg5bbi80u1apc1khr34.apps.googleusercontent.com&continue=https%3A%2F%2Faccounts.google.com%2Fsignin%2Foauth%2Fconsent%3Fauthuser%3Dunknown%26part%3DAJi8hAM7y9gWRU_09e40eud-ez3KxAASChAocSj3V0H9TQc5l_ENg03gdy6cxCkxP3TZrH5CcCzOU7I9I7EuVQj9KDCfZz028Jnu7N8dUfgznVZk_8la6NRkcOtjY8iOuhxUcwO96_KtONnPUu2b52zUYIBgcptBV8PMxNorvthYaopvOLW9F-Z3oDAIWK4P-ivWYSqax_uXi-RkruJTAVchWB_T5c3VK520oEVyHohIEVq8LnN3lpR_b5AV8VpuMvlZemjDs-KB5fqUgVAm3gA5VAKcRUOv0Vz1TepqqVMcA1Fsa0jQMMg5w7NaPlRQ_Be3nDl01eWrb0tELxB7E6cM9qr5wkXsbSvMVmNFHdwgEg0DFoyd-4r_y96uW2BhOngSvxMT4NrbqOtFRZvRKUUYAGV6d2zHDjdUZXZ66gwfyEvWPtrUN28bqfKFlMNu-xI3DqBnYGK99fCySjmM8sCPEpeDSLZLUT3vyduy3gGVPGOj4VFJMg8%26flowName%3DGeneralOAuthFlow%26as%3DS2365043%253A1778867490654367%26client_id%3D1023236111568-oat2egngkvvfhsg5bbi80u1apc1khr34.apps.googleusercontent.com%26requestPath%3D%252Fsignin%252Foauth%252Fconsent%23&dsh=S2365043%3A1778867490654367&flowName=GeneralOAuthFlow&o2v=2&opparams=%253Fredirect_to%253Dhttp%25253A%25252F%25252Flocalhost%25253A3001%25252Fauth%25252Fcallback&pstMsg=1&rart=ANgoxcdL6A14SVlBZOZ3vNLfGsp0SdosdS_e6tKt3eic2STcVy9EoWR0ckMXQ1FhLZh26tTGzI6TvEF5QW5fHrX9-37HO0f0feln1kFv04XSK4E1qE7Q1IU&redirect_uri=https%3A%2F%2Fffzdabymnpdrhyfndabq.supabase.co%2Fauth%2Fv1%2Fcallback&response_type=code&scope=email%20profile&service=lso&state=e913ebe3-4a72-493b-b185-057134bd9436:0
[16561113ms] [VERBOSE] [DOM] Password field is not contained in a form: (More info: https://goo.gl/9p2vKq) %o @ https://accounts.google.com/v3/signin/identifier?opparams=%253Fredirect_to%253Dhttp%25253A%25252F%25252Flocalhost%25253A3001%25252Fauth%25252Fcallback&dsh=S2365043%3A1778867490654367&client_id=1023236111568-oat2egngkvvfhsg5bbi80u1apc1khr34.apps.googleusercontent.com&o2v=2&redirect_uri=https%3A%2F%2Fffzdabymnpdrhyfndabq.supabase.co%2Fauth%2Fv1%2Fcallback&response_type=code&scope=email+profile&service=lso&state=e913ebe3-4a72-493b-b185-057134bd9436&flowName=GeneralOAuthFlow&continue=https%3A%2F%2Faccounts.google.com%2Fsignin%2Foauth%2Fconsent%3Fauthuser%3Dunknown%26part%3DAJi8hAM7y9gWRU_09e40eud-ez3KxAASChAocSj3V0H9TQc5l_ENg03gdy6cxCkxP3TZrH5CcCzOU7I9I7EuVQj9KDCfZz028Jnu7N8dUfgznVZk_8la6NRkcOtjY8iOuhxUcwO96_KtONnPUu2b52zUYIBgcptBV8PMxNorvthYaopvOLW9F-Z3oDAIWK4P-ivWYSqax_uXi-RkruJTAVchWB_T5c3VK520oEVyHohIEVq8LnN3lpR_b5AV8VpuMvlZemjDs-KB5fqUgVAm3gA5VAKcRUOv0Vz1TepqqVMcA1Fsa0jQMMg5w7NaPlRQ_Be3nDl01eWrb0tELxB7E6cM9qr5wkXsbSvMVmNFHdwgEg0DFoyd-4r_y96uW2BhOngSvxMT4NrbqOtFRZvRKUUYAGV6d2zHDjdUZXZ66gwfyEvWPtrUN28bqfKFlMNu-xI3DqBnYGK99fCySjmM8sCPEpeDSLZLUT3vyduy3gGVPGOj4VFJMg8%26flowName%3DGeneralOAuthFlow%26as%3DS2365043%253A1778867490654367%26client_id%3D1023236111568-oat2egngkvvfhsg5bbi80u1apc1khr34.apps.googleusercontent.com%26requestPath%3D%252Fsignin%252Foauth%252Fconsent%23&app_domain=https%3A%2F%2Fffzdabymnpdrhyfndabq.supabase.co&rart=ANgoxcdL6A14SVlBZOZ3vNLfGsp0SdosdS_e6tKt3eic2STcVy9EoWR0ckMXQ1FhLZh26tTGzI6TvEF5QW5fHrX9-37HO0f0feln1kFv04XSK4E1qE7Q1IU:0
[16624496ms] [WARNING] Blocked aria-hidden on an element because its descendant retained focus. The focus must not be hidden from assistive technology users. Avoid using aria-hidden on a focused element or its ancestor. Consider using the inert attribute instead, which will also prevent focus. For more details, see the aria-hidden section of the WAI-ARIA specification at https://w3c.github.io/aria/#aria-hidden.
Element with focus: <div.VfPpkd-qNpTzb-P1ekSe VfPpkd-qNpTzb-P1ekSe-OWXEXe-A9y3zc VfPpkd-qNpTzb-P1ekSe-OWXEXe-OiiCO-IhfUye>
Ancestor with aria-hidden: <div.wuMMWb> @ https://accounts.google.com/v3/signin/identifier?opparams=%253Fredirect_to%253Dhttp%25253A%25252F%25252Flocalhost%25253A3001%25252Fauth%25252Fcallback&dsh=S2365043%3A1778867490654367&client_id=1023236111568-oat2egngkvvfhsg5bbi80u1apc1khr34.apps.googleusercontent.com&o2v=2&redirect_uri=https%3A%2F%2Fffzdabymnpdrhyfndabq.supabase.co%2Fauth%2Fv1%2Fcallback&response_type=code&scope=email+profile&service=lso&state=e913ebe3-4a72-493b-b185-057134bd9436&flowName=GeneralOAuthFlow&continue=https%3A%2F%2Faccounts.google.com%2Fsignin%2Foauth%2Fconsent%3Fauthuser%3Dunknown%26part%3DAJi8hAM7y9gWRU_09e40eud-ez3KxAASChAocSj3V0H9TQc5l_ENg03gdy6cxCkxP3TZrH5CcCzOU7I9I7EuVQj9KDCfZz028Jnu7N8dUfgznVZk_8la6NRkcOtjY8iOuhxUcwO96_KtONnPUu2b52zUYIBgcptBV8PMxNorvthYaopvOLW9F-Z3oDAIWK4P-ivWYSqax_uXi-RkruJTAVchWB_T5c3VK520oEVyHohIEVq8LnN3lpR_b5AV8VpuMvlZemjDs-KB5fqUgVAm3gA5VAKcRUOv0Vz1TepqqVMcA1Fsa0jQMMg5w7NaPlRQ_Be3nDl01eWrb0tELxB7E6cM9qr5wkXsbSvMVmNFHdwgEg0DFoyd-4r_y96uW2BhOngSvxMT4NrbqOtFRZvRKUUYAGV6d2zHDjdUZXZ66gwfyEvWPtrUN28bqfKFlMNu-xI3DqBnYGK99fCySjmM8sCPEpeDSLZLUT3vyduy3gGVPGOj4VFJMg8%26flowName%3DGeneralOAuthFlow%26as%3DS2365043%253A1778867490654367%26client_id%3D1023236111568-oat2egngkvvfhsg5bbi80u1apc1khr34.apps.googleusercontent.com%26requestPath%3D%252Fsignin%252Foauth%252Fconsent%23&app_domain=https%3A%2F%2Fffzdabymnpdrhyfndabq.supabase.co&rart=ANgoxcdL6A14SVlBZOZ3vNLfGsp0SdosdS_e6tKt3eic2STcVy9EoWR0ckMXQ1FhLZh26tTGzI6TvEF5QW5fHrX9-37HO0f0feln1kFv04XSK4E1qE7Q1IU:0
[16625661ms] [VERBOSE] [DOM] Password field is not contained in a form: (More info: https://goo.gl/9p2vKq) %o @ https://accounts.google.com/v3/signin/challenge/pwd?TL=APouJz5SD3mHisWWdD-uv_cdIRBWGUXWMAvzk0NwomnGXz44P6ftdE-qbeHYaoi9&app_domain=https%3A%2F%2Fffzdabymnpdrhyfndabq.supabase.co&checkConnection=youtube%3A265&checkedDomains=youtube&cid=3&client_id=1023236111568-oat2egngkvvfhsg5bbi80u1apc1khr34.apps.googleusercontent.com&continue=https%3A%2F%2Faccounts.google.com%2Fsignin%2Foauth%2Fconsent%3Fauthuser%3Dunknown%26part%3DAJi8hAM7y9gWRU_09e40eud-ez3KxAASChAocSj3V0H9TQc5l_ENg03gdy6cxCkxP3TZrH5CcCzOU7I9I7EuVQj9KDCfZz028Jnu7N8dUfgznVZk_8la6NRkcOtjY8iOuhxUcwO96_KtONnPUu2b52zUYIBgcptBV8PMxNorvthYaopvOLW9F-Z3oDAIWK4P-ivWYSqax_uXi-RkruJTAVchWB_T5c3VK520oEVyHohIEVq8LnN3lpR_b5AV8VpuMvlZemjDs-KB5fqUgVAm3gA5VAKcRUOv0Vz1TepqqVMcA1Fsa0jQMMg5w7NaPlRQ_Be3nDl01eWrb0tELxB7E6cM9qr5wkXsbSvMVmNFHdwgEg0DFoyd-4r_y96uW2BhOngSvxMT4NrbqOtFRZvRKUUYAGV6d2zHDjdUZXZ66gwfyEvWPtrUN28bqfKFlMNu-xI3DqBnYGK99fCySjmM8sCPEpeDSLZLUT3vyduy3gGVPGOj4VFJMg8%26flowName%3DGeneralOAuthFlow%26as%3DS2365043%253A1778867490654367%26client_id%3D1023236111568-oat2egngkvvfhsg5bbi80u1apc1khr34.apps.googleusercontent.com%26requestPath%3D%252Fsignin%252Foauth%252Fconsent%23&dsh=S2365043%3A1778867490654367&flowName=GeneralOAuthFlow&o2v=2&opparams=%253Fredirect_to%253Dhttp%25253A%25252F%25252Flocalhost%25253A3001%25252Fauth%25252Fcallback&pstMsg=1&rart=ANgoxcdL6A14SVlBZOZ3vNLfGsp0SdosdS_e6tKt3eic2STcVy9EoWR0ckMXQ1FhLZh26tTGzI6TvEF5QW5fHrX9-37HO0f0feln1kFv04XSK4E1qE7Q1IU&redirect_uri=https%3A%2F%2Fffzdabymnpdrhyfndabq.supabase.co%2Fauth%2Fv1%2Fcallback&response_type=code&scope=email%20profile&service=lso&state=e913ebe3-4a72-493b-b185-057134bd9436:0
[16780033ms] [LOG] %c%s color: red; background: yellow; font-size: 24px; WARNING! @ https://www.gstatic.com/_/mss/boq-identity/_/js/k=boq-identity.OAuthUi.en.Ys6eOG9sKOw.es5.O/am=8gMAAADwDGAAmP__N4AgOvCeAQoQAAAAAAAAAAAMAAAR/d=1/excm=_b,_tp,attributesview/ed=1/dg=0/wt=2/ujg=1/rs=AOaEmlFI4gSms8OfKm4ro1-W9EY8w_tclg/dti=1/m=_b,_tp:531
[16780033ms] [LOG] %c%s font-size: 18px; Using this console may allow attackers to impersonate you and steal your information using an attack called Self-XSS.
Do not enter or paste code that you do not understand. @ https://www.gstatic.com/_/mss/boq-identity/_/js/k=boq-identity.OAuthUi.en.Ys6eOG9sKOw.es5.O/am=8gMAAADwDGAAmP__N4AgOvCeAQoQAAAAAAAAAAAMAAAR/d=1/excm=_b,_tp,attributesview/ed=1/dg=0/wt=2/ujg=1/rs=AOaEmlFI4gSms8OfKm4ro1-W9EY8w_tclg/dti=1/m=_b,_tp:531
[16801914ms] [WARNING] Blocked aria-hidden on an element because its descendant retained focus. The focus must not be hidden from assistive technology users. Avoid using aria-hidden on a focused element or its ancestor. Consider using the inert attribute instead, which will also prevent focus. For more details, see the aria-hidden section of the WAI-ARIA specification at https://w3c.github.io/aria/#aria-hidden.
Element with focus: <div.VfPpkd-qNpTzb-P1ekSe VfPpkd-qNpTzb-P1ekSe-OWXEXe-A9y3zc VfPpkd-qNpTzb-P1ekSe-OWXEXe-OiiCO-IhfUye>
Ancestor with aria-hidden: <div.wuMMWb> @ https://accounts.google.com/signin/oauth/id?authuser=0&part=AJi8hAO5OOA2uuUgKcfL9U0rJxXmTuiMiOA6yFf5llfjZEL39z2qSmYAdX5HZqGznvm9Wc5fI-eeWbMwrVCiH51aC7Qj2x5iUtmM73WL48zRlmo0UjBHzW-8bH8LlZc5Nd24TlKnT40ZMNjB1yc7RUB5sv7_UVH9z9PcoZ8P67FtpyqBmsMn473lBoM4YLaL7nSYI-Jp258vJ94jbIXm_VwhFe0tX7KaJaZ5HSoyc1EZUvCnXmosQNYG_cH5tpgRI4fZfucEqSjetSe6zuz_vsuGDPyvC-oncsWhh_VW9DgGlYHJu7Jl_fZZPkwbPmZ_lNL26XcF4f8LMjcrVe3HSSUbnIZodo92mSd9ijoQWU0uvfF_lKbA_LylKpZEU7JMH6DNxGCS6q2w-T1_H4ATk_Jhk_XDX5th1UwwJFEGBUP0FKem9XngSKRM3OOYiyBGDB2GFgKhJzYkzx35MtktRDJGsaAvxsnvA2yNdI2GbZW0yPTjqHFm9ev3novKeb-ZPSwi4ycymGskHTdN3IXTBc_vCJkfAxkSvP3Ls8pwdWipqGZ3-XfvcMwECqt0h4SK8faJsuF9Q-_LAs_O2el6wVEBEyTzkLtD2s-wPekD7PW0BQabNEnauOWgMbneEOet7uZ7UydcKaKbp9D4vCHfobNtiTkBUyt1UEQ-KKRKCJAvPj1XT1dTBWVzsn6lFYbyknJIfu4cuK-Lh9l2gtlu4mI0xhpDKFrXXLB7IsWTnWyDWz3k70P1XwXEoG_vcaDsT4142zCfb98J-M-EoVvsQMBvpUNUjjoFYI0bGVtcP08fhxRFMCVfwhXdBIMlMp347chkcQmvPLBjVqG6HknFzxX5hqPUVzxkBelY67qb1VM25jZan2aDsdQ&flowName=GeneralOAuthFlow&as=S2365043%3A1778867490654367&client_id=1023236111568-oat2egngkvvfhsg5bbi80u1apc1khr34.apps.googleusercontent.com&rapt=AEjHL4Nh0SyVjXMD5hZds_5X0CnCNYVvIqZeIDqT_cfiqjFEvb1MARR7nDPJqMt5c44EBCVlWBEU0-Tzel_JRlB-tVKkXAbW6Lw-5fjMD7GSvnTE2JWoiDA#:0
[16806093ms] [ERROR] Failed to load resource: the server responded with a status of 404 (Not Found) @ http://localhost:3001/auth/callback?code=4a1d5d1a-a718-47e8-a775-a4ee09d6ed05:0
[16806359ms] [INFO] %cDownload the React DevTools for a better development experience: https://react.dev/link/react-devtools font-weight:bold @ webpack-internal:///(app-pages-browser)/./node_modules/next/dist/compiled/react-dom/cjs/react-dom-client.development.js:25630
[18263964ms] [LOG] [Fast Refresh] rebuilding @ webpack-internal:///(app-pages-browser)/./node_modules/next/dist/client/dev/hot-reloader/app/hot-reloader-app.js:196
[18264661ms] [LOG] [Fast Refresh] done in 700ms @ webpack-internal:///(app-pages-browser)/./node_modules/next/dist/client/dev/report-hmr-latency.js:13
[18266206ms] [INFO] %cDownload the React DevTools for a better development experience: https://react.dev/link/react-devtools font-weight:bold @ webpack-internal:///(app-pages-browser)/./node_modules/next/dist/compiled/react-dom/cjs/react-dom-client.development.js:25630
[18268133ms] [WARNING] Detected `scroll-behavior: smooth` on the `<html>` element. In a future version, Next.js will no longer automatically disable smooth scrolling during route transitions. To prepare for this change, add `data-scroll-behavior="smooth"` to your <html> element. Learn more: https://nextjs.org/docs/messages/missing-data-scroll-behavior @ webpack-internal:///(app-pages-browser)/./node_modules/next/dist/shared/lib/utils/warn-once.js:15
[18270967ms] [INFO] %cDownload the React DevTools for a better development experience: https://react.dev/link/react-devtools font-weight:bold @ webpack-internal:///(app-pages-browser)/./node_modules/next/dist/compiled/react-dom/cjs/react-dom-client.development.js:25630
[18275675ms] [LOG] [Fast Refresh] rebuilding @ webpack-internal:///(app-pages-browser)/./node_modules/next/dist/client/dev/hot-reloader/app/hot-reloader-app.js:196
[18275806ms] [LOG] [Fast Refresh] done in 131ms @ webpack-internal:///(app-pages-browser)/./node_modules/next/dist/client/dev/report-hmr-latency.js:13
[18276058ms] [ERROR] Failed to load resource: the server responded with a status of 404 (Not Found) @ http://localhost:3001/profilo/min7a%20scholarship?_rsc=BP_75dUd4F3dUSqX:0
[18276212ms] [ERROR] Failed to load resource: the server responded with a status of 404 (Not Found) @ http://localhost:3001/profilo/min7a%20scholarship:0
[18276474ms] [INFO] %cDownload the React DevTools for a better development experience: https://react.dev/link/react-devtools font-weight:bold @ webpack-internal:///(app-pages-browser)/./node_modules/next/dist/compiled/react-dom/cjs/react-dom-client.development.js:25630
[18481293ms] [LOG] [Fast Refresh] rebuilding @ webpack-internal:///(app-pages-browser)/./node_modules/next/dist/client/dev/hot-reloader/app/hot-reloader-app.js:196
[18482314ms] [LOG] [Fast Refresh] done in 1039ms @ webpack-internal:///(app-pages-browser)/./node_modules/next/dist/client/dev/report-hmr-latency.js:13
[18482945ms] [LOG] [Fast Refresh] rebuilding @ webpack-internal:///(app-pages-browser)/./node_modules/next/dist/client/dev/hot-reloader/app/hot-reloader-app.js:196
[18483034ms] [LOG] [Fast Refresh] done in 89ms @ webpack-internal:///(app-pages-browser)/./node_modules/next/dist/client/dev/report-hmr-latency.js:13
[18483550ms] [ERROR] Failed to load resource: the server responded with a status of 404 (Not Found) @ http://localhost:3001/profilo/min7a%20scholarship?_rsc=gAUPlq16uqkvMeqO:0
[18483847ms] [ERROR] Failed to load resource: the server responded with a status of 404 (Not Found) @ http://localhost:3001/profilo/min7a%20scholarship:0
[18484186ms] [INFO] %cDownload the React DevTools for a better development experience: https://react.dev/link/react-devtools font-weight:bold @ webpack-internal:///(app-pages-browser)/./node_modules/next/dist/compiled/react-dom/cjs/react-dom-client.development.js:25630
[18488571ms] [ERROR] Failed to load resource: the server responded with a status of 404 (Not Found) @ http://localhost:3001/profilo/min7a%20scholarship?_rsc=gAUPlq16uqkvMeqO:0
[18488754ms] [ERROR] Failed to load resource: the server responded with a status of 404 (Not Found) @ http://localhost:3001/profilo/min7a%20scholarship:0
[18489069ms] [INFO] %cDownload the React DevTools for a better development experience: https://react.dev/link/react-devtools font-weight:bold @ webpack-internal:///(app-pages-browser)/./node_modules/next/dist/compiled/react-dom/cjs/react-dom-client.development.js:25630
[18489693ms] [ERROR] Failed to load resource: the server responded with a status of 404 (Not Found) @ http://localhost:3001/profilo/min7a%20scholarship?_rsc=gAUPlq16uqkvMeqO:0
[18489843ms] [ERROR] Failed to load resource: the server responded with a status of 404 (Not Found) @ http://localhost:3001/profilo/min7a%20scholarship:0
[18490160ms] [INFO] %cDownload the React DevTools for a better development experience: https://react.dev/link/react-devtools font-weight:bold @ webpack-internal:///(app-pages-browser)/./node_modules/next/dist/compiled/react-dom/cjs/react-dom-client.development.js:25630
[18509635ms] [LOG] [Fast Refresh] rebuilding @ webpack-internal:///(app-pages-browser)/./node_modules/next/dist/client/dev/hot-reloader/app/hot-reloader-app.js:196
[18510020ms] [LOG] [Fast Refresh] done in 385ms @ webpack-internal:///(app-pages-browser)/./node_modules/next/dist/client/dev/report-hmr-latency.js:13
[18510563ms] [LOG] [Fast Refresh] rebuilding @ webpack-internal:///(app-pages-browser)/./node_modules/next/dist/client/dev/hot-reloader/app/hot-reloader-app.js:196
[18510996ms] [LOG] [Fast Refresh] done in 433ms @ webpack-internal:///(app-pages-browser)/./node_modules/next/dist/client/dev/report-hmr-latency.js:13
[18880255ms] [INFO] %cDownload the React DevTools for a better development experience: https://react.dev/link/react-devtools font-weight:bold @ webpack-internal:///(app-pages-browser)/./node_modules/next/dist/compiled/react-dom/cjs/react-dom-client.development.js:25630
[18884509ms] [INFO] %cDownload the React DevTools for a better development experience: https://react.dev/link/react-devtools font-weight:bold @ webpack-internal:///(app-pages-browser)/./node_modules/next/dist/compiled/react-dom/cjs/react-dom-client.development.js:25630
[18889605ms] [WARNING] Detected `scroll-behavior: smooth` on the `<html>` element. In a future version, Next.js will no longer automatically disable smooth scrolling during route transitions. To prepare for this change, add `data-scroll-behavior="smooth"` to your <html> element. Learn more: https://nextjs.org/docs/messages/missing-data-scroll-behavior @ webpack-internal:///(app-pages-browser)/./node_modules/next/dist/shared/lib/utils/warn-once.js:15
[18924814ms] [INFO] %cDownload the React DevTools for a better development experience: https://react.dev/link/react-devtools font-weight:bold @ webpack-internal:///(app-pages-browser)/./node_modules/next/dist/compiled/react-dom/cjs/react-dom-client.development.js:25630
[18929349ms] [WARNING] Detected `scroll-behavior: smooth` on the `<html>` element. In a future version, Next.js will no longer automatically disable smooth scrolling during route transitions. To prepare for this change, add `data-scroll-behavior="smooth"` to your <html> element. Learn more: https://nextjs.org/docs/messages/missing-data-scroll-behavior @ webpack-internal:///(app-pages-browser)/./node_modules/next/dist/shared/lib/utils/warn-once.js:15
[19137416ms] [LOG] [Fast Refresh] rebuilding @ webpack-internal:///(app-pages-browser)/./node_modules/next/dist/client/dev/hot-reloader/app/hot-reloader-app.js:196
[19139234ms] [LOG] [Fast Refresh] done in 1825ms @ webpack-internal:///(app-pages-browser)/./node_modules/next/dist/client/dev/report-hmr-latency.js:13
[19142294ms] [LOG] [Fast Refresh] rebuilding @ webpack-internal:///(app-pages-browser)/./node_modules/next/dist/client/dev/hot-reloader/app/hot-reloader-app.js:196
[19142866ms] [LOG] [Fast Refresh] done in 572ms @ webpack-internal:///(app-pages-browser)/./node_modules/next/dist/client/dev/report-hmr-latency.js:13
[19145520ms] [LOG] [Fast Refresh] rebuilding @ webpack-internal:///(app-pages-browser)/./node_modules/next/dist/client/dev/hot-reloader/app/hot-reloader-app.js:196
[19145635ms] [LOG] [Fast Refresh] done in 115ms @ webpack-internal:///(app-pages-browser)/./node_modules/next/dist/client/dev/report-hmr-latency.js:13
[19194018ms] [INFO] %cDownload the React DevTools for a better development experience: https://react.dev/link/react-devtools font-weight:bold @ webpack-internal:///(app-pages-browser)/./node_modules/next/dist/compiled/react-dom/cjs/react-dom-client.development.js:25630
[19200826ms] [ERROR] Failed to load resource: the server responded with a status of 404 (Not Found) @ http://localhost:3001/en/profilo/min7a%20scholarship:0
[19201149ms] [INFO] %cDownload the React DevTools for a better development experience: https://react.dev/link/react-devtools font-weight:bold @ webpack-internal:///(app-pages-browser)/./node_modules/next/dist/compiled/react-dom/cjs/react-dom-client.development.js:25630
[19203323ms] [INFO] %cDownload the React DevTools for a better development experience: https://react.dev/link/react-devtools font-weight:bold @ webpack-internal:///(app-pages-browser)/./node_modules/next/dist/compiled/react-dom/cjs/react-dom-client.development.js:25630
[19813903ms] [LOG] [Fast Refresh] rebuilding @ webpack-internal:///(app-pages-browser)/./node_modules/next/dist/client/dev/hot-reloader/app/hot-reloader-app.js:196
[19814666ms] [LOG] [Fast Refresh] done in 764ms @ webpack-internal:///(app-pages-browser)/./node_modules/next/dist/client/dev/report-hmr-latency.js:13
[21402064ms] [INFO] %cDownload the React DevTools for a better development experience: https://react.dev/link/react-devtools font-weight:bold @ webpack-internal:///(app-pages-browser)/./node_modules/next/dist/compiled/react-dom/cjs/react-dom-client.development.js:25630
[21418796ms] [INFO] %cDownload the React DevTools for a better development experience: https://react.dev/link/react-devtools font-weight:bold @ webpack-internal:///(app-pages-browser)/./node_modules/next/dist/compiled/react-dom/cjs/react-dom-client.development.js:25630
[73300700ms] [INFO] %cDownload the React DevTools for a better development experience: https://react.dev/link/react-devtools font-weight:bold @ webpack-internal:///(app-pages-browser)/./node_modules/next/dist/compiled/react-dom/cjs/react-dom-client.development.js:25630
[73379903ms] [LOG] [Fast Refresh] rebuilding @ webpack-internal:///(app-pages-browser)/./node_modules/next/dist/client/dev/hot-reloader/app/hot-reloader-app.js:196
[73381426ms] [LOG] [Fast Refresh] done in 1524ms @ webpack-internal:///(app-pages-browser)/./node_modules/next/dist/client/dev/report-hmr-latency.js:13
[73383655ms] [LOG] [Fast Refresh] rebuilding @ webpack-internal:///(app-pages-browser)/./node_modules/next/dist/client/dev/hot-reloader/app/hot-reloader-app.js:196
[73384027ms] [LOG] [Fast Refresh] done in 372ms @ webpack-internal:///(app-pages-browser)/./node_modules/next/dist/client/dev/report-hmr-latency.js:13
[73509689ms] [INFO] %cDownload the React DevTools for a better development experience: https://react.dev/link/react-devtools font-weight:bold @ webpack-internal:///(app-pages-browser)/./node_modules/next/dist/compiled/react-dom/cjs/react-dom-client.development.js:25630
[73513910ms] [WARNING] Detected `scroll-behavior: smooth` on the `<html>` element. In a future version, Next.js will no longer automatically disable smooth scrolling during route transitions. To prepare for this change, add `data-scroll-behavior="smooth"` to your <html> element. Learn more: https://nextjs.org/docs/messages/missing-data-scroll-behavior @ webpack-internal:///(app-pages-browser)/./node_modules/next/dist/shared/lib/utils/warn-once.js:15
[73571498ms] [LOG] [Fast Refresh] rebuilding @ webpack-internal:///(app-pages-browser)/./node_modules/next/dist/client/dev/hot-reloader/app/hot-reloader-app.js:196
[73572983ms] [LOG] [Fast Refresh] done in 1486ms @ webpack-internal:///(app-pages-browser)/./node_modules/next/dist/client/dev/report-hmr-latency.js:13
[73575609ms] [LOG] [Fast Refresh] rebuilding @ webpack-internal:///(app-pages-browser)/./node_modules/next/dist/client/dev/hot-reloader/app/hot-reloader-app.js:196
[73576141ms] [LOG] [Fast Refresh] done in 533ms @ webpack-internal:///(app-pages-browser)/./node_modules/next/dist/client/dev/report-hmr-latency.js:13
[73698336ms] [WARNING] Skipping auto-scroll behavior due to `position: sticky` or `position: fixed` on element: JSHandle@node @ webpack-internal:///(app-pages-browser)/./node_modules/next/dist/client/components/layout-router.js:99
[73698338ms] [WARNING] Skipping auto-scroll behavior due to `position: sticky` or `position: fixed` on element: JSHandle@node @ webpack-internal:///(app-pages-browser)/./node_modules/next/dist/client/components/layout-router.js:99
[73698339ms] [WARNING] Skipping auto-scroll behavior due to `position: sticky` or `position: fixed` on element: JSHandle@node @ webpack-internal:///(app-pages-browser)/./node_modules/next/dist/client/components/layout-router.js:99
[73698339ms] [WARNING] Skipping auto-scroll behavior due to `position: sticky` or `position: fixed` on element: JSHandle@node @ webpack-internal:///(app-pages-browser)/./node_modules/next/dist/client/components/layout-router.js:99
[73739645ms] [LOG] [Fast Refresh] rebuilding @ webpack-internal:///(app-pages-browser)/./node_modules/next/dist/client/dev/hot-reloader/app/hot-reloader-app.js:196
[73740920ms] [LOG] [Fast Refresh] done in 1275ms @ webpack-internal:///(app-pages-browser)/./node_modules/next/dist/client/dev/report-hmr-latency.js:13
[73743187ms] [LOG] [Fast Refresh] rebuilding @ webpack-internal:///(app-pages-browser)/./node_modules/next/dist/client/dev/hot-reloader/app/hot-reloader-app.js:196
[73743509ms] [LOG] [Fast Refresh] done in 321ms @ webpack-internal:///(app-pages-browser)/./node_modules/next/dist/client/dev/report-hmr-latency.js:13
[73964426ms] [INFO] %cDownload the React DevTools for a better development experience: https://react.dev/link/react-devtools font-weight:bold @ webpack-internal:///(app-pages-browser)/./node_modules/next/dist/compiled/react-dom/cjs/react-dom-client.development.js:25630
[73967080ms] [WARNING] Detected `scroll-behavior: smooth` on the `<html>` element. In a future version, Next.js will no longer automatically disable smooth scrolling during route transitions. To prepare for this change, add `data-scroll-behavior="smooth"` to your <html> element. Learn more: https://nextjs.org/docs/messages/missing-data-scroll-behavior @ webpack-internal:///(app-pages-browser)/./node_modules/next/dist/shared/lib/utils/warn-once.js:15
[73968559ms] [WARNING] Skipping auto-scroll behavior due to `position: sticky` or `position: fixed` on element: JSHandle@node @ webpack-internal:///(app-pages-browser)/./node_modules/next/dist/client/components/layout-router.js:99
[73968561ms] [WARNING] Skipping auto-scroll behavior due to `position: sticky` or `position: fixed` on element: JSHandle@node @ webpack-internal:///(app-pages-browser)/./node_modules/next/dist/client/components/layout-router.js:99
[73968561ms] [WARNING] Skipping auto-scroll behavior due to `position: sticky` or `position: fixed` on element: JSHandle@node @ webpack-internal:///(app-pages-browser)/./node_modules/next/dist/client/components/layout-router.js:99
[73968561ms] [WARNING] Skipping auto-scroll behavior due to `position: sticky` or `position: fixed` on element: JSHandle@node @ webpack-internal:///(app-pages-browser)/./node_modules/next/dist/client/components/layout-router.js:99
[74014419ms] [LOG] [Fast Refresh] rebuilding @ webpack-internal:///(app-pages-browser)/./node_modules/next/dist/client/dev/hot-reloader/app/hot-reloader-app.js:196
[74015304ms] [LOG] [Fast Refresh] done in 885ms @ webpack-internal:///(app-pages-browser)/./node_modules/next/dist/client/dev/report-hmr-latency.js:13
[74016302ms] [LOG] [Fast Refresh] rebuilding @ webpack-internal:///(app-pages-browser)/./node_modules/next/dist/client/dev/hot-reloader/app/hot-reloader-app.js:196
[74016654ms] [LOG] [Fast Refresh] done in 352ms @ webpack-internal:///(app-pages-browser)/./node_modules/next/dist/client/dev/report-hmr-latency.js:13
[74030287ms] [INFO] %cDownload the React DevTools for a better development experience: https://react.dev/link/react-devtools font-weight:bold @ webpack-internal:///(app-pages-browser)/./node_modules/next/dist/compiled/react-dom/cjs/react-dom-client.development.js:25630
[74037384ms] [WARNING] Detected `scroll-behavior: smooth` on the `<html>` element. In a future version, Next.js will no longer automatically disable smooth scrolling during route transitions. To prepare for this change, add `data-scroll-behavior="smooth"` to your <html> element. Learn more: https://nextjs.org/docs/messages/missing-data-scroll-behavior @ webpack-internal:///(app-pages-browser)/./node_modules/next/dist/shared/lib/utils/warn-once.js:15
[77951364ms] [ERROR] Failed to load resource: the server responded with a status of 404 (Not Found) @ http://localhost:3001/en/come-funziona?_rsc=xiw5INbjAKy1DmOc:0
[77951517ms] [ERROR] Failed to load resource: the server responded with a status of 404 (Not Found) @ http://localhost:3001/en/come-funziona?_rsc=xiw5INbjAKy1DmOc:0
[77951745ms] [ERROR] Failed to load resource: the server responded with a status of 404 (Not Found) @ http://localhost:3001/en/come-funziona:0
[77952132ms] [INFO] %cDownload the React DevTools for a better development experience: https://react.dev/link/react-devtools font-weight:bold @ webpack-internal:///(app-pages-browser)/./node_modules/next/dist/compiled/react-dom/cjs/react-dom-client.development.js:25630
[77954723ms] [INFO] %cDownload the React DevTools for a better development experience: https://react.dev/link/react-devtools font-weight:bold @ webpack-internal:///(app-pages-browser)/./node_modules/next/dist/compiled/react-dom/cjs/react-dom-client.development.js:25630
[77956498ms] [WARNING] Detected `scroll-behavior: smooth` on the `<html>` element. In a future version, Next.js will no longer automatically disable smooth scrolling during route transitions. To prepare for this change, add `data-scroll-behavior="smooth"` to your <html> element. Learn more: https://nextjs.org/docs/messages/missing-data-scroll-behavior @ webpack-internal:///(app-pages-browser)/./node_modules/next/dist/shared/lib/utils/warn-once.js:15
[77958455ms] [ERROR] Failed to load resource: the server responded with a status of 404 (Not Found) @ http://localhost:3001/en/classifica?_rsc=LiPSkq0z6ixDS92A:0
[77958624ms] [ERROR] Failed to load resource: the server responded with a status of 404 (Not Found) @ http://localhost:3001/en/classifica:0
[77958885ms] [INFO] %cDownload the React DevTools for a better development experience: https://react.dev/link/react-devtools font-weight:bold @ webpack-internal:///(app-pages-browser)/./node_modules/next/dist/compiled/react-dom/cjs/react-dom-client.development.js:25630
[77960797ms] [INFO] %cDownload the React DevTools for a better development experience: https://react.dev/link/react-devtools font-weight:bold @ webpack-internal:///(app-pages-browser)/./node_modules/next/dist/compiled/react-dom/cjs/react-dom-client.development.js:25630
[78091686ms] [LOG] [Fast Refresh] rebuilding @ webpack-internal:///(app-pages-browser)/./node_modules/next/dist/client/dev/hot-reloader/app/hot-reloader-app.js:196
[78092368ms] [LOG] [Fast Refresh] done in 682ms @ webpack-internal:///(app-pages-browser)/./node_modules/next/dist/client/dev/report-hmr-latency.js:13
[78111055ms] [LOG] [Fast Refresh] rebuilding @ webpack-internal:///(app-pages-browser)/./node_modules/next/dist/client/dev/hot-reloader/app/hot-reloader-app.js:196
[78111236ms] [LOG] [Fast Refresh] done in 180ms @ webpack-internal:///(app-pages-browser)/./node_modules/next/dist/client/dev/report-hmr-latency.js:13
[78624574ms] [WARNING] Detected `scroll-behavior: smooth` on the `<html>` element. In a future version, Next.js will no longer automatically disable smooth scrolling during route transitions. To prepare for this change, add `data-scroll-behavior="smooth"` to your <html> element. Learn more: https://nextjs.org/docs/messages/missing-data-scroll-behavior @ webpack-internal:///(app-pages-browser)/./node_modules/next/dist/shared/lib/utils/warn-once.js:15
[78963772ms] [LOG] [Fast Refresh] rebuilding @ webpack-internal:///(app-pages-browser)/./node_modules/next/dist/client/dev/hot-reloader/app/hot-reloader-app.js:196
[78964283ms] [LOG] [Fast Refresh] done in 512ms @ webpack-internal:///(app-pages-browser)/./node_modules/next/dist/client/dev/report-hmr-latency.js:13
[79035598ms] [WARNING] Skipping auto-scroll behavior due to `position: sticky` or `position: fixed` on element: JSHandle@node @ webpack-internal:///(app-pages-browser)/./node_modules/next/dist/client/components/layout-router.js:99
[79035602ms] [WARNING] Skipping auto-scroll behavior due to `position: sticky` or `position: fixed` on element: JSHandle@node @ webpack-internal:///(app-pages-browser)/./node_modules/next/dist/client/components/layout-router.js:99
[79035602ms] [WARNING] Skipping auto-scroll behavior due to `position: sticky` or `position: fixed` on element: JSHandle@node @ webpack-internal:///(app-pages-browser)/./node_modules/next/dist/client/components/layout-router.js:99
[79035603ms] [WARNING] Skipping auto-scroll behavior due to `position: sticky` or `position: fixed` on element: JSHandle@node @ webpack-internal:///(app-pages-browser)/./node_modules/next/dist/client/components/layout-router.js:99
