[     381ms] [INFO] %cDownload the React DevTools for a better development experience: https://react.dev/link/react-devtools font-weight:bold @ webpack-internal:///(app-pages-browser)/./node_modules/next/dist/compiled/react-dom/cjs/react-dom-client.development.js:25630
[     409ms] TypeError: Cannot read properties of undefined (reading 'call')
    at options.factory (http://localhost:3002/_next/static/chunks/webpack.js?v=1778504848630:704:31)
    at __webpack_require__ (http://localhost:3002/_next/static/chunks/webpack.js?v=1778504848630:29:33)
    at fn (http://localhost:3002/_next/static/chunks/webpack.js?v=1778504848630:361:21)
    at eval (webpack-internal:///(app-pages-browser)/./node_modules/next-intl/dist/development/shared/utils.js:1:41)
    at (app-pages-browser)/./node_modules/next-intl/dist/development/shared/utils.js (http://localhost:3002/_next/static/chunks/app/%5Blocale%5D/gioca/classico/page.js:579:1)
    at options.factory (http://localhost:3002/_next/static/chunks/webpack.js?v=1778504848630:704:31)
    at __webpack_require__ (http://localhost:3002/_next/static/chunks/webpack.js?v=1778504848630:29:33)
    at fn (http://localhost:3002/_next/static/chunks/webpack.js?v=1778504848630:361:21)
    at eval (webpack-internal:///(app-pages-browser)/./node_modules/next-intl/dist/development/navigation/react-client/ClientLink.js:8:13)
    at (app-pages-browser)/./node_modules/next-intl/dist/development/navigation/react-client/ClientLink.js (http://localhost:3002/_next/static/chunks/app/%5Blocale%5D/gioca/classico/page.js:359:1)
    at options.factory (http://localhost:3002/_next/static/chunks/webpack.js?v=1778504848630:704:31)
    at __webpack_require__ (http://localhost:3002/_next/static/chunks/webpack.js?v=1778504848630:29:33)
    at fn (http://localhost:3002/_next/static/chunks/webpack.js?v=1778504848630:361:21)
    at eval (webpack-internal:///(app-pages-browser)/./node_modules/next-intl/dist/development/navigation/react-client/createSharedPathnamesNavigation.js:8:18)
    at (app-pages-browser)/./node_modules/next-intl/dist/development/navigation/react-client/createSharedPathnamesNavigation.js (http://localhost:3002/_next/static/chunks/app/%5Blocale%5D/gioca/classico/page.js:392:1)
    at options.factory (http://localhost:3002/_next/static/chunks/webpack.js?v=1778504848630:704:31)
    at __webpack_require__ (http://localhost:3002/_next/static/chunks/webpack.js?v=1778504848630:29:33)
    at fn (http://localhost:3002/_next/static/chunks/webpack.js?v=1778504848630:361:21)
    at eval (webpack-internal:///(app-pages-browser)/./node_modules/next-intl/dist/development/navigation.react-client.js:5:39)
    at (app-pages-browser)/./node_modules/next-intl/dist/development/navigation.react-client.js (http://localhost:3002/_next/static/chunks/app/%5Blocale%5D/gioca/classico/page.js:348:1)
    at options.factory (http://localhost:3002/_next/static/chunks/webpack.js?v=1778504848630:704:31)
    at __webpack_require__ (http://localhost:3002/_next/static/chunks/webpack.js?v=1778504848630:29:33)
    at fn (http://localhost:3002/_next/static/chunks/webpack.js?v=1778504848630:361:21)
    at eval (webpack-internal:///(app-pages-browser)/./i18n/navigation.ts:9:78)
    at (app-pages-browser)/./i18n/navigation.ts (http://localhost:3002/_next/static/chunks/app/%5Blocale%5D/gioca/classico/page.js:73:1)
    at options.factory (http://localhost:3002/_next/static/chunks/webpack.js?v=1778504848630:704:31)
    at __webpack_require__ (http://localhost:3002/_next/static/chunks/webpack.js?v=1778504848630:29:33)
    at fn (http://localhost:3002/_next/static/chunks/webpack.js?v=1778504848630:361:21)
    at eval (webpack-internal:///(app-pages-browser)/./components/game/ClassicoGame.tsx:8:74)
    at (app-pages-browser)/./components/game/ClassicoGame.tsx (http://localhost:3002/_next/static/chunks/app/%5Blocale%5D/gioca/classico/page.js:18:1)
    at options.factory (http://localhost:3002/_next/static/chunks/webpack.js?v=1778504848630:704:31)
    at __webpack_require__ (http://localhost:3002/_next/static/chunks/webpack.js?v=1778504848630:29:33)
    at fn (http://localhost:3002/_next/static/chunks/webpack.js?v=1778504848630:361:21)
[     443ms] [ERROR] %o

%s TypeError: Cannot read properties of undefined (reading 'call')
    at options.factory (http://localhost:3002/_next/static/chunks/webpack.js?v=1778504848630:704:31)
    at __webpack_require__ (http://localhost:3002/_next/static/chunks/webpack.js?v=1778504848630:29:33)
    at fn (http://localhost:3002/_next/static/chunks/webpack.js?v=1778504848630:361:21)
    at eval (webpack-internal:///(app-pages-browser)/./node_modules/next-intl/dist/development/shared/utils.js:1:41)
    at (app-pages-browser)/./node_modules/next-intl/dist/development/shared/utils.js (http://localhost:3002/_next/static/chunks/app/%5Blocale%5D/gioca/classico/page.js:579:1)
    at options.factory (http://localhost:3002/_next/static/chunks/webpack.js?v=1778504848630:704:31)
    at __webpack_require__ (http://localhost:3002/_next/static/chunks/webpack.js?v=1778504848630:29:33)
    at fn (http://localhost:3002/_next/static/chunks/webpack.js?v=1778504848630:361:21)
    at eval (webpack-internal:///(app-pages-browser)/./node_modules/next-intl/dist/development/navigation/react-client/ClientLink.js:8:13)
    at (app-pages-browser)/./node_modules/next-intl/dist/development/navigation/react-client/ClientLink.js (http://localhost:3002/_next/static/chunks/app/%5Blocale%5D/gioca/classico/page.js:359:1)
    at options.factory (http://localhost:3002/_next/static/chunks/webpack.js?v=1778504848630:704:31)
    at __webpack_require__ (http://localhost:3002/_next/static/chunks/webpack.js?v=1778504848630:29:33)
    at fn (http://localhost:3002/_next/static/chunks/webpack.js?v=1778504848630:361:21)
    at eval (webpack-internal:///(app-pages-browser)/./node_modules/next-intl/dist/development/navigation/react-client/createSharedPathnamesNavigation.js:8:18)
    at (app-pages-browser)/./node_modules/next-intl/dist/development/navigation/react-client/createSharedPathnamesNavigation.js (http://localhost:3002/_next/static/chunks/app/%5Blocale%5D/gioca/classico/page.js:392:1)
    at options.factory (http://localhost:3002/_next/static/chunks/webpack.js?v=1778504848630:704:31)
    at __webpack_require__ (http://localhost:3002/_next/static/chunks/webpack.js?v=1778504848630:29:33)
    at fn (http://localhost:3002/_next/static/chunks/webpack.js?v=1778504848630:361:21)
    at eval (webpack-internal:///(app-pages-browser)/./node_modules/next-intl/dist/development/navigation.react-client.js:5:39)
    at (app-pages-browser)/./node_modules/next-intl/dist/development/navigation.react-client.js (http://localhost:3002/_next/static/chunks/app/%5Blocale%5D/gioca/classico/page.js:348:1)
    at options.factory (http://localhost:3002/_next/static/chunks/webpack.js?v=1778504848630:704:31)
    at __webpack_require__ (http://localhost:3002/_next/static/chunks/webpack.js?v=1778504848630:29:33)
    at fn (http://localhost:3002/_next/static/chunks/webpack.js?v=1778504848630:361:21)
    at eval (webpack-internal:///(app-pages-browser)/./i18n/navigation.ts:9:78)
    at (app-pages-browser)/./i18n/navigation.ts (http://localhost:3002/_next/static/chunks/app/%5Blocale%5D/gioca/classico/page.js:73:1)
    at options.factory (http://localhost:3002/_next/static/chunks/webpack.js?v=1778504848630:704:31)
    at __webpack_require__ (http://localhost:3002/_next/static/chunks/webpack.js?v=1778504848630:29:33)
    at fn (http://localhost:3002/_next/static/chunks/webpack.js?v=1778504848630:361:21)
    at eval (webpack-internal:///(app-pages-browser)/./components/game/ClassicoGame.tsx:8:74)
    at (app-pages-browser)/./components/game/ClassicoGame.tsx (http://localhost:3002/_next/static/chunks/app/%5Blocale%5D/gioca/classico/page.js:18:1)
    at options.factory (http://localhost:3002/_next/static/chunks/webpack.js?v=1778504848630:704:31)
    at __webpack_require__ (http://localhost:3002/_next/static/chunks/webpack.js?v=1778504848630:29:33)
    at fn (http://localhost:3002/_next/static/chunks/webpack.js?v=1778504848630:361:21)
    at requireModule (webpack-internal:///(app-pages-browser)/./node_modules/next/dist/compiled/react-server-dom-webpack/cjs/react-server-dom-webpack-client.browser.development.js:100:27)
    at initializeModuleChunk (webpack-internal:///(app-pages-browser)/./node_modules/next/dist/compiled/react-server-dom-webpack/cjs/react-server-dom-webpack-client.browser.development.js:1299:21)
    at readChunk (webpack-internal:///(app-pages-browser)/./node_modules/next/dist/compiled/react-server-dom-webpack/cjs/react-server-dom-webpack-client.browser.development.js:953:11)
    at Object.react_stack_bottom_frame (webpack-internal:///(app-pages-browser)/./node_modules/next/dist/compiled/react-dom/cjs/react-dom-client.development.js:23691:18)
    at resolveLazy (webpack-internal:///(app-pages-browser)/./node_modules/next/dist/compiled/react-dom/cjs/react-dom-client.development.js:5177:16)
    at beginWork (webpack-internal:///(app-pages-browser)/./node_modules/next/dist/compiled/react-dom/cjs/react-dom-client.development.js:10784:24)
    at runWithFiberInDEV (webpack-internal:///(app-pages-browser)/./node_modules/next/dist/compiled/react-dom/cjs/react-dom-client.development.js:872:30)
    at performUnitOfWork (webpack-internal:///(app-pages-browser)/./node_modules/next/dist/compiled/react-dom/cjs/react-dom-client.development.js:15727:22)
    at workLoopConcurrentByScheduler (webpack-internal:///(app-pages-browser)/./node_modules/next/dist/compiled/react-dom/cjs/react-dom-client.development.js:15721:9)
    at renderRootConcurrent (webpack-internal:///(app-pages-browser)/./node_modules/next/dist/compiled/react-dom/cjs/react-dom-client.development.js:15696:15)
    at performWorkOnRoot (webpack-internal:///(app-pages-browser)/./node_modules/next/dist/compiled/react-dom/cjs/react-dom-client.development.js:14990:13)
    at performWorkOnRootViaSchedulerTask (webpack-internal:///(app-pages-browser)/./node_modules/next/dist/compiled/react-dom/cjs/react-dom-client.development.js:16816:7)
    at MessagePort.performWorkUntilDeadline (webpack-internal:///(app-pages-browser)/./node_modules/next/dist/compiled/scheduler/cjs/scheduler.development.js:45:48) The above error occurred in the <Lazy> component. It was handled by the <ErrorBoundaryHandler> error boundary. @ webpack-internal:///(app-pages-browser)/./node_modules/next/dist/client/react-client-callbacks/error-boundary-callbacks.js:67
