[    1033ms] [INFO] %cDownload the React DevTools for a better development experience: https://react.dev/link/react-devtools font-weight:bold @ webpack-internal:///(app-pages-browser)/./node_modules/next/dist/compiled/react-dom/cjs/react-dom-client.development.js:25630
[   25794ms] [ERROR] Failed to load resource: the server responded with a status of 500 () @ https://graph.mapillary.com/images?fields=id&bbox=139.40064999999998,39.762460000000004,139.50065,39.86246&limit=1&access_token=MLY|26904898545840318|45b0c02d9326d0489f7093998509db33:0
[  149619ms] [LOG] THREE.WebGLRenderer: Context Lost. @ webpack-internal:///(app-pages-browser)/./node_modules/mapillary-js/dist/mapillary.module.js:18976
[  180943ms] [ERROR] Failed to load resource: the server responded with a status of 500 () @ https://graph.mapillary.com/images?fields=id&bbox=106.52743000000001,10.44111,106.56743,10.48111&limit=1&access_token=MLY|26904898545840318|45b0c02d9326d0489f7093998509db33:0
[  213610ms] [ERROR] Failed to load resource: the server responded with a status of 500 () @ https://graph.mapillary.com/images?fields=id&bbox=13.00097,37.38923,13.04097,37.429230000000004&limit=1&access_token=MLY|26904898545840318|45b0c02d9326d0489f7093998509db33:0
[  226172ms] [ERROR] Failed to load resource: the server responded with a status of 500 () @ https://graph.mapillary.com/images?fields=id&bbox=13.179409999999999,10.923079999999999,13.27941,11.02308&limit=1&access_token=MLY|26904898545840318|45b0c02d9326d0489f7093998509db33:0
[  229226ms] [ERROR] Failed to load resource: the server responded with a status of 500 () @ https://graph.mapillary.com/images?fields=id&bbox=-73.79614,6.477690000000001,-73.75614,6.51769&limit=1&access_token=MLY|26904898545840318|45b0c02d9326d0489f7093998509db33:0
[  235044ms] [ERROR] Failed to load resource: the server responded with a status of 500 () @ https://graph.mapillary.com/images?fields=id&bbox=22.93591,68.37223,23.03591,68.47223&limit=1&access_token=MLY|26904898545840318|45b0c02d9326d0489f7093998509db33:0
[  240262ms] [ERROR] Failed to load resource: the server responded with a status of 500 () @ https://graph.mapillary.com/images?fields=id&bbox=3.70967,52.110519999999994,3.74967,52.15052&limit=1&access_token=MLY|26904898545840318|45b0c02d9326d0489f7093998509db33:0
[  244971ms] [WARNING] Incorrect mesh URL for 950609072546038 (null, null) @ webpack-internal:///(app-pages-browser)/./node_modules/mapillary-js/dist/mapillary.module.js:29731
[  245302ms] [WARNING] Incorrect mesh URL for 977187706513318 (null, null) @ webpack-internal:///(app-pages-browser)/./node_modules/mapillary-js/dist/mapillary.module.js:29731
[  417398ms] [LOG] [Fast Refresh] rebuilding @ webpack-internal:///(app-pages-browser)/./node_modules/next/dist/client/dev/hot-reloader/app/hot-reloader-app.js:196
[  418341ms] [LOG] [Fast Refresh] done in 943ms @ webpack-internal:///(app-pages-browser)/./node_modules/next/dist/client/dev/report-hmr-latency.js:13
[  421084ms] [LOG] [Fast Refresh] rebuilding @ webpack-internal:///(app-pages-browser)/./node_modules/next/dist/client/dev/hot-reloader/app/hot-reloader-app.js:196
[  421339ms] [LOG] [Fast Refresh] done in 255ms @ webpack-internal:///(app-pages-browser)/./node_modules/next/dist/client/dev/report-hmr-latency.js:13
[  421341ms] [LOG] THREE.WebGLRenderer: Context Lost. @ webpack-internal:///(app-pages-browser)/./node_modules/mapillary-js/dist/mapillary.module.js:18976
[  425374ms] [LOG] [Fast Refresh] rebuilding @ webpack-internal:///(app-pages-browser)/./node_modules/next/dist/client/dev/hot-reloader/app/hot-reloader-app.js:196
[  425460ms] [ERROR] Failed to deactivate cover. CancelMapillaryError: Request aborted by a subsequent request viewer removed.
    at Navigator._abortRequest (webpack-internal:///(app-pages-browser)/./node_modules/mapillary-js/dist/mapillary.module.js:65482:38)
    at Navigator.dispose (webpack-internal:///(app-pages-browser)/./node_modules/mapillary-js/dist/mapillary.module.js:65389:14)
    at Viewer.remove (webpack-internal:///(app-pages-browser)/./node_modules/mapillary-js/dist/mapillary.module.js:66568:25)
    at StreetViewPanelInner.useEffect (webpack-internal:///(app-pages-browser)/./components/game/StreetViewPanelInner.tsx:87:134)
    at Object.react_stack_bottom_frame (webpack-internal:///(app-pages-browser)/./node_modules/next/dist/compiled/react-dom/cjs/react-dom-client.development.js:23681:13)
    at runWithFiberInDEV (webpack-internal:///(app-pages-browser)/./node_modules/next/dist/compiled/react-dom/cjs/react-dom-client.development.js:872:30)
    at commitHookEffectListUnmount (webpack-internal:///(app-pages-browser)/./node_modules/next/dist/compiled/react-dom/cjs/react-dom-client.development.js:12436:17)
    at commitHookPassiveUnmountEffects (webpack-internal:///(app-pages-browser)/./node_modules/next/dist/compiled/react-dom/cjs/react-dom-client.development.js:12477:11)
    at commitPassiveUnmountOnFiber (webpack-internal:///(app-pages-browser)/./node_modules/next/dist/compiled/react-dom/cjs/react-dom-client.development.js:14749:13)
    at recursivelyTraversePassiveUnmountEffects (webpack-internal:///(app-pages-browser)/./node_modules/next/dist/compiled/react-dom/cjs/react-dom-client.development.js:14738:11)
    at commitPassiveUnmountOnFiber (webpack-internal:///(app-pages-browser)/./node_modules/next/dist/compiled/react-dom/cjs/react-dom-client.development.js:14747:11)
    at recursivelyTraversePassiveUnmountEffects (webpack-internal:///(app-pages-browser)/./node_modules/next/dist/compiled/react-dom/cjs/react-dom-client.development.js:14738:11)
    at commitPassiveUnmountOnFiber (webpack-internal:///(app-pages-browser)/./node_modules/next/dist/compiled/react-dom/cjs/react-dom-client.development.js:14776:15)
    at recursivelyTraversePassiveUnmountEffects (webpack-internal:///(app-pages-browser)/./node_modules/next/dist/compiled/react-dom/cjs/react-dom-client.development.js:14738:11)
    at commitPassiveUnmountOnFiber (webpack-internal:///(app-pages-browser)/./node_modules/next/dist/compiled/react-dom/cjs/react-dom-client.development.js:14779:11)
    at recursivelyTraversePassiveUnmountEffects (webpack-internal:///(app-pages-browser)/./node_modules/next/dist/compiled/react-dom/cjs/react-dom-client.development.js:14738:11)
    at commitPassiveUnmountOnFiber (webpack-internal:///(app-pages-browser)/./node_modules/next/dist/compiled/react-dom/cjs/react-dom-client.development.js:14747:11)
    at recursivelyTraversePassiveUnmountEffects (webpack-internal:///(app-pages-browser)/./node_modules/next/dist/compiled/react-dom/cjs/react-dom-client.development.js:14738:11)
    at commitPassiveUnmountOnFiber (webpack-internal:///(app-pages-browser)/./node_modules/next/dist/compiled/react-dom/cjs/react-dom-client.development.js:14747:11)
    at recursivelyTraversePassiveUnmountEffects (webpack-internal:///(app-pages-browser)/./node_modules/next/dist/compiled/react-dom/cjs/react-dom-client.development.js:14738:11)
    at commitPassiveUnmountOnFiber (webpack-internal:///(app-pages-browser)/./node_modules/next/dist/compiled/react-dom/cjs/react-dom-client.development.js:14779:11)
    at recursivelyTraversePassiveUnmountEffects (webpack-internal:///(app-pages-browser)/./node_modules/next/dist/compiled/react-dom/cjs/react-dom-client.development.js:14738:11)
    at commitPassiveUnmountOnFiber (webpack-internal:///(app-pages-browser)/./node_modules/next/dist/compiled/react-dom/cjs/react-dom-client.development.js:14747:11)
    at recursivelyTraversePassiveUnmountEffects (webpack-internal:///(app-pages-browser)/./node_modules/next/dist/compiled/react-dom/cjs/react-dom-client.development.js:14738:11)
    at commitPassiveUnmountOnFiber (webpack-internal:///(app-pages-browser)/./node_modules/next/dist/compiled/react-dom/cjs/react-dom-client.development.js:14747:11)
    at recursivelyTraversePassiveUnmountEffects (webpack-internal:///(app-pages-browser)/./node_modules/next/dist/compiled/react-dom/cjs/react-dom-client.development.js:14738:11)
    at commitPassiveUnmountOnFiber (webpack-internal:///(app-pages-browser)/./node_modules/next/dist/compiled/react-dom/cjs/react-dom-client.development.js:14779:11)
    at recursivelyTraversePassiveUnmountEffects (webpack-internal:///(app-pages-browser)/./node_modules/next/dist/compiled/react-dom/cjs/react-dom-client.development.js:14738:11)
    at commitPassiveUnmountOnFiber (webpack-internal:///(app-pages-browser)/./node_modules/next/dist/compiled/react-dom/cjs/react-dom-client.development.js:14779:11)
    at recursivelyTraversePassiveUnmountEffects (webpack-internal:///(app-pages-browser)/./node_modules/next/dist/compiled/react-dom/cjs/react-dom-client.development.js:14738:11)
    at commitPassiveUnmountOnFiber (webpack-internal:///(app-pages-browser)/./node_modules/next/dist/compiled/react-dom/cjs/react-dom-client.development.js:14747:11)
    at recursivelyTraversePassiveUnmountEffects (webpack-internal:///(app-pages-browser)/./node_modules/next/dist/compiled/react-dom/cjs/react-dom-client.development.js:14738:11)
    at commitPassiveUnmountOnFiber (webpack-internal:///(app-pages-browser)/./node_modules/next/dist/compiled/react-dom/cjs/react-dom-client.development.js:14779:11)
    at recursivelyTraversePassiveUnmountEffects (webpack-internal:///(app-pages-browser)/./node_modules/next/dist/compiled/react-dom/cjs/react-dom-client.development.js:14738:11)
    at commitPassiveUnmountOnFiber (webpack-internal:///(app-pages-browser)/./node_modules/next/dist/compiled/react-dom/cjs/react-dom-client.development.js:14747:11)
    at recursivelyTraversePassiveUnmountEffects (webpack-internal:///(app-pages-browser)/./node_modules/next/dist/compiled/react-dom/cjs/react-dom-client.development.js:14738:11)
    at commitPassiveUnmountOnFiber (webpack-internal:///(app-pages-browser)/./node_modules/next/dist/compiled/react-dom/cjs/react-dom-client.development.js:14747:11)
    at recursivelyTraversePassiveUnmountEffects (webpack-internal:///(app-pages-browser)/./node_modules/next/dist/compiled/react-dom/cjs/react-dom-client.development.js:14738:11)
    at commitPassiveUnmountOnFiber (webpack-internal:///(app-pages-browser)/./node_modules/next/dist/compiled/react-dom/cjs/react-dom-client.development.js:14747:11)
    at recursivelyTraversePassiveUnmountEffects (webpack-internal:///(app-pages-browser)/./node_modules/next/dist/compiled/react-dom/cjs/react-dom-client.development.js:14738:11)
    at commitPassiveUnmountOnFiber (webpack-internal:///(app-pages-browser)/./node_modules/next/dist/compiled/react-dom/cjs/react-dom-client.development.js:14747:11)
    at recursivelyTraversePassiveUnmountEffects (webpack-internal:///(app-pages-browser)/./node_modules/next/dist/compiled/react-dom/cjs/react-dom-client.development.js:14738:11)
    at commitPassiveUnmountOnFiber (webpack-internal:///(app-pages-browser)/./node_modules/next/dist/compiled/react-dom/cjs/react-dom-client.development.js:14779:11)
    at recursivelyTraversePassiveUnmountEffects (webpack-internal:///(app-pages-browser)/./node_modules/next/dist/compiled/react-dom/cjs/react-dom-client.development.js:14738:11)
    at commitPassiveUnmountOnFiber (webpack-internal:///(app-pages-browser)/./node_modules/next/dist/compiled/react-dom/cjs/react-dom-client.development.js:14747:11)
    at recursivelyTraversePassiveUnmountEffects (webpack-internal:///(app-pages-browser)/./node_modules/next/dist/compiled/react-dom/cjs/react-dom-client.development.js:14738:11)
    at commitPassiveUnmountOnFiber (webpack-internal:///(app-pages-browser)/./node_modules/next/dist/compiled/react-dom/cjs/react-dom-client.development.js:14747:11)
    at recursivelyTraversePassiveUnmountEffects (webpack-internal:///(app-pages-browser)/./node_modules/next/dist/compiled/react-dom/cjs/react-dom-client.development.js:14738:11)
    at commitPassiveUnmountOnFiber (webpack-internal:///(app-pages-browser)/./node_modules/next/dist/compiled/react-dom/cjs/react-dom-client.development.js:14779:11)
    at recursivelyTraversePassiveUnmountEffects (webpack-internal:///(app-pages-browser)/./node_modules/next/dist/compiled/react-dom/cjs/react-dom-client.development.js:14738:11) @ webpack-internal:///(app-pages-browser)/./node_modules/next/dist/next-devtools/userspace/app/errors/intercept-console-error.js:56
[  425464ms] [LOG] [Fast Refresh] done in 89ms @ webpack-internal:///(app-pages-browser)/./node_modules/next/dist/client/dev/report-hmr-latency.js:13
[  425666ms] [WARNING] Incorrect mesh URL for 422565559523019 (null, null) @ webpack-internal:///(app-pages-browser)/./node_modules/mapillary-js/dist/mapillary.module.js:29731
[  430612ms] [LOG] [Fast Refresh] rebuilding @ webpack-internal:///(app-pages-browser)/./node_modules/next/dist/client/dev/hot-reloader/app/hot-reloader-app.js:196
[  430835ms] [LOG] [Fast Refresh] done in 223ms @ webpack-internal:///(app-pages-browser)/./node_modules/next/dist/client/dev/report-hmr-latency.js:13
[  430836ms] [LOG] THREE.WebGLRenderer: Context Lost. @ webpack-internal:///(app-pages-browser)/./node_modules/mapillary-js/dist/mapillary.module.js:18976
[  434703ms] [LOG] [Fast Refresh] rebuilding @ webpack-internal:///(app-pages-browser)/./node_modules/next/dist/client/dev/hot-reloader/app/hot-reloader-app.js:196
[  434842ms] [LOG] [Fast Refresh] done in 139ms @ webpack-internal:///(app-pages-browser)/./node_modules/next/dist/client/dev/report-hmr-latency.js:13
[  434843ms] [LOG] THREE.WebGLRenderer: Context Lost. @ webpack-internal:///(app-pages-browser)/./node_modules/mapillary-js/dist/mapillary.module.js:18976
[  439097ms] [LOG] [Fast Refresh] rebuilding @ webpack-internal:///(app-pages-browser)/./node_modules/next/dist/client/dev/hot-reloader/app/hot-reloader-app.js:196
[  439192ms] [LOG] [Fast Refresh] done in 95ms @ webpack-internal:///(app-pages-browser)/./node_modules/next/dist/client/dev/report-hmr-latency.js:13
[  439193ms] [LOG] THREE.WebGLRenderer: Context Lost. @ webpack-internal:///(app-pages-browser)/./node_modules/mapillary-js/dist/mapillary.module.js:18976
[  473307ms] [LOG] [Fast Refresh] rebuilding @ webpack-internal:///(app-pages-browser)/./node_modules/next/dist/client/dev/hot-reloader/app/hot-reloader-app.js:196
[  473617ms] [LOG] [Fast Refresh] done in 309ms @ webpack-internal:///(app-pages-browser)/./node_modules/next/dist/client/dev/report-hmr-latency.js:13
[  473619ms] [LOG] THREE.WebGLRenderer: Context Lost. @ webpack-internal:///(app-pages-browser)/./node_modules/mapillary-js/dist/mapillary.module.js:18976
[  481906ms] [WARNING] Incorrect mesh URL for 2826699620860901 (null, null) @ webpack-internal:///(app-pages-browser)/./node_modules/mapillary-js/dist/mapillary.module.js:29731
[  483495ms] [WARNING] Incorrect mesh URL for 688184903984503 (null, null) @ webpack-internal:///(app-pages-browser)/./node_modules/mapillary-js/dist/mapillary.module.js:29731
[  483766ms] [WARNING] Incorrect mesh URL for 1025967109714648 (null, null) @ webpack-internal:///(app-pages-browser)/./node_modules/mapillary-js/dist/mapillary.module.js:29731
[  484204ms] [WARNING] Incorrect mesh URL for 1009858381228304 (null, null) @ webpack-internal:///(app-pages-browser)/./node_modules/mapillary-js/dist/mapillary.module.js:29731
[  484549ms] [WARNING] Incorrect mesh URL for 2213689085749903 (null, null) @ webpack-internal:///(app-pages-browser)/./node_modules/mapillary-js/dist/mapillary.module.js:29731
