[     529ms] [INFO] %cDownload the React DevTools for a better development experience: https://react.dev/link/react-devtools font-weight:bold @ webpack-internal:///(app-pages-browser)/./node_modules/next/dist/compiled/react-dom/cjs/react-dom-client.development.js:25630
[    7523ms] [WARNING] Incorrect mesh URL for 153583880186576 (null, null) @ webpack-internal:///(app-pages-browser)/./node_modules/mapillary-js/dist/mapillary.module.js:29731
[    8682ms] [WARNING] Incorrect mesh URL for 866058427352075 (null, null) @ webpack-internal:///(app-pages-browser)/./node_modules/mapillary-js/dist/mapillary.module.js:29731
[    8773ms] [WARNING] Incorrect mesh URL for 2331895670313119 (null, null) @ webpack-internal:///(app-pages-browser)/./node_modules/mapillary-js/dist/mapillary.module.js:29731
[    9255ms] [WARNING] Incorrect mesh URL for 533252624562712 (null, null) @ webpack-internal:///(app-pages-browser)/./node_modules/mapillary-js/dist/mapillary.module.js:29731
[    9344ms] [WARNING] Incorrect mesh URL for 830193941199713 (null, null) @ webpack-internal:///(app-pages-browser)/./node_modules/mapillary-js/dist/mapillary.module.js:29731
[    9579ms] [WARNING] Incorrect mesh URL for 531561354618792 (null, null) @ webpack-internal:///(app-pages-browser)/./node_modules/mapillary-js/dist/mapillary.module.js:29731
[    9582ms] [WARNING] Incorrect mesh URL for 231212618913185 (null, null) @ webpack-internal:///(app-pages-browser)/./node_modules/mapillary-js/dist/mapillary.module.js:29731
[   73900ms] [WARNING] Incorrect mesh URL for 344180970532047 (null, null) @ webpack-internal:///(app-pages-browser)/./node_modules/mapillary-js/dist/mapillary.module.js:29731
[   73904ms] [WARNING] Incorrect mesh URL for 344908280506312 (null, null) @ webpack-internal:///(app-pages-browser)/./node_modules/mapillary-js/dist/mapillary.module.js:29731
[   73910ms] [WARNING] Incorrect mesh URL for 826278811599490 (null, null) @ webpack-internal:///(app-pages-browser)/./node_modules/mapillary-js/dist/mapillary.module.js:29731
[   74748ms] [WARNING] Incorrect mesh URL for 151151553653477 (null, null) @ webpack-internal:///(app-pages-browser)/./node_modules/mapillary-js/dist/mapillary.module.js:29731
[   74751ms] [WARNING] Incorrect mesh URL for 368771561514386 (null, null) @ webpack-internal:///(app-pages-browser)/./node_modules/mapillary-js/dist/mapillary.module.js:29731
[   75459ms] [WARNING] Incorrect mesh URL for 3147736925462407 (null, null) @ webpack-internal:///(app-pages-browser)/./node_modules/mapillary-js/dist/mapillary.module.js:29731
[   75715ms] [WARNING] Incorrect mesh URL for 208821727550507 (null, null) @ webpack-internal:///(app-pages-browser)/./node_modules/mapillary-js/dist/mapillary.module.js:29731
[   76062ms] [WARNING] Incorrect mesh URL for 995985731137368 (null, null) @ webpack-internal:///(app-pages-browser)/./node_modules/mapillary-js/dist/mapillary.module.js:29731
[   76211ms] [WARNING] Incorrect mesh URL for 554091972404762 (null, null) @ webpack-internal:///(app-pages-browser)/./node_modules/mapillary-js/dist/mapillary.module.js:29731
[   77031ms] [WARNING] Incorrect mesh URL for 1387415748297622 (null, null) @ webpack-internal:///(app-pages-browser)/./node_modules/mapillary-js/dist/mapillary.module.js:29731
[   77825ms] [WARNING] Incorrect mesh URL for 559866508535502 (null, null) @ webpack-internal:///(app-pages-browser)/./node_modules/mapillary-js/dist/mapillary.module.js:29731
[   77827ms] [WARNING] Incorrect mesh URL for 549880519486110 (null, null) @ webpack-internal:///(app-pages-browser)/./node_modules/mapillary-js/dist/mapillary.module.js:29731
[   77828ms] [WARNING] Incorrect mesh URL for 971933206899033 (null, null) @ webpack-internal:///(app-pages-browser)/./node_modules/mapillary-js/dist/mapillary.module.js:29731
[   78182ms] [WARNING] Incorrect mesh URL for 332985861897387 (null, null) @ webpack-internal:///(app-pages-browser)/./node_modules/mapillary-js/dist/mapillary.module.js:29731
[   78525ms] [WARNING] Incorrect mesh URL for 526844945123646 (null, null) @ webpack-internal:///(app-pages-browser)/./node_modules/mapillary-js/dist/mapillary.module.js:29731
[   78527ms] [WARNING] Incorrect mesh URL for 327118132347220 (null, null) @ webpack-internal:///(app-pages-browser)/./node_modules/mapillary-js/dist/mapillary.module.js:29731
[   78531ms] [WARNING] Incorrect mesh URL for 989983765144086 (null, null) @ webpack-internal:///(app-pages-browser)/./node_modules/mapillary-js/dist/mapillary.module.js:29731
[   79227ms] [WARNING] Incorrect mesh URL for 568821800790973 (null, null) @ webpack-internal:///(app-pages-browser)/./node_modules/mapillary-js/dist/mapillary.module.js:29731
[   79231ms] [WARNING] Incorrect mesh URL for 264810571741453 (null, null) @ webpack-internal:///(app-pages-browser)/./node_modules/mapillary-js/dist/mapillary.module.js:29731
[   79992ms] [WARNING] Incorrect mesh URL for 857734938509060 (null, null) @ webpack-internal:///(app-pages-browser)/./node_modules/mapillary-js/dist/mapillary.module.js:29731
[   79995ms] [WARNING] Incorrect mesh URL for 524485735545647 (null, null) @ webpack-internal:///(app-pages-browser)/./node_modules/mapillary-js/dist/mapillary.module.js:29731
[   79998ms] [WARNING] Incorrect mesh URL for 338636671214010 (null, null) @ webpack-internal:///(app-pages-browser)/./node_modules/mapillary-js/dist/mapillary.module.js:29731
[   80825ms] [WARNING] Incorrect mesh URL for 148881093961418 (null, null) @ webpack-internal:///(app-pages-browser)/./node_modules/mapillary-js/dist/mapillary.module.js:29731
[   80827ms] [WARNING] Incorrect mesh URL for 214400033612276 (null, null) @ webpack-internal:///(app-pages-browser)/./node_modules/mapillary-js/dist/mapillary.module.js:29731
[   81482ms] [WARNING] Incorrect mesh URL for 796154054425714 (null, null) @ webpack-internal:///(app-pages-browser)/./node_modules/mapillary-js/dist/mapillary.module.js:29731
[   82060ms] [WARNING] Incorrect mesh URL for 198340675505313 (null, null) @ webpack-internal:///(app-pages-browser)/./node_modules/mapillary-js/dist/mapillary.module.js:29731
[   82280ms] [WARNING] Incorrect mesh URL for 766294330653647 (null, null) @ webpack-internal:///(app-pages-browser)/./node_modules/mapillary-js/dist/mapillary.module.js:29731
[   82492ms] [WARNING] Incorrect mesh URL for 1174308946363621 (null, null) @ webpack-internal:///(app-pages-browser)/./node_modules/mapillary-js/dist/mapillary.module.js:29731
[   84105ms] [WARNING] Incorrect mesh URL for 576694443719056 (null, null) @ webpack-internal:///(app-pages-browser)/./node_modules/mapillary-js/dist/mapillary.module.js:29731
[   85503ms] [WARNING] Incorrect mesh URL for 556133292017662 (null, null) @ webpack-internal:///(app-pages-browser)/./node_modules/mapillary-js/dist/mapillary.module.js:29731
[   88566ms] [WARNING] Incorrect mesh URL for 213355937274565 (null, null) @ webpack-internal:///(app-pages-browser)/./node_modules/mapillary-js/dist/mapillary.module.js:29731
[   88878ms] [WARNING] Incorrect mesh URL for 1265931110528578 (null, null) @ webpack-internal:///(app-pages-browser)/./node_modules/mapillary-js/dist/mapillary.module.js:29731
[  110654ms] [LOG] THREE.WebGLRenderer: Context Lost. @ webpack-internal:///(app-pages-browser)/./node_modules/mapillary-js/dist/mapillary.module.js:18976
[  118927ms] [ERROR] Failed to load resource: the server responded with a status of 500 () @ https://graph.mapillary.com/images?fields=id&bbox=-114.36068999999999,53.27346,-114.26069,53.373459999999994&limit=1&access_token=MLY|26904898545840318|45b0c02d9326d0489f7093998509db33:0
[  489574ms] [LOG] [Fast Refresh] rebuilding @ webpack-internal:///(app-pages-browser)/./node_modules/next/dist/client/dev/hot-reloader/app/hot-reloader-app.js:196
[  490031ms] [LOG] [Fast Refresh] done in 457ms @ webpack-internal:///(app-pages-browser)/./node_modules/next/dist/client/dev/report-hmr-latency.js:13
[  490033ms] [LOG] THREE.WebGLRenderer: Context Lost. @ webpack-internal:///(app-pages-browser)/./node_modules/mapillary-js/dist/mapillary.module.js:18976
[  490165ms] [ERROR] Failed to load resource: the server responded with a status of 403 () @ https://www.google.com/maps/embed/v1/streetview?key=AIzaSyD1xW0a7QxIle90QVeVJnMGIoy2aExHgFU&location=45.31209,28.45405&fov=90&pitch=0&heading=0:0
